Archive member included to satisfy reference by file (symbol)

d:/imt/imt tools/sdk/imt_sdk_win_64/winarm/armgcc/bin/../lib/gcc/arm-none-eabi/7.2.1/thumb/v7e-m\libgcc.a(_arm_addsubdf3.o)
                              ./src/APP/APP.o (__aeabi_ui2d)
d:/imt/imt tools/sdk/imt_sdk_win_64/winarm/armgcc/bin/../lib/gcc/arm-none-eabi/7.2.1/thumb/v7e-m\libgcc.a(_arm_muldivdf3.o)
                              ./src/HAL/MPU/MPU.o (__aeabi_dmul)
d:/imt/imt tools/sdk/imt_sdk_win_64/winarm/armgcc/bin/../lib/gcc/arm-none-eabi/7.2.1/thumb/v7e-m\libgcc.a(_arm_cmpdf2.o)
                              ./src/APP/APP.o (__aeabi_dcmplt)
d:/imt/imt tools/sdk/imt_sdk_win_64/winarm/armgcc/bin/../lib/gcc/arm-none-eabi/7.2.1/thumb/v7e-m\libgcc.a(_arm_addsubsf3.o)
                              ./src/HAL/MPU/MPU.o (__aeabi_fadd)
d:/imt/imt tools/sdk/imt_sdk_win_64/winarm/armgcc/bin/../lib/gcc/arm-none-eabi/7.2.1/thumb/v7e-m\libgcc.a(_arm_muldivsf3.o)
                              ./src/HAL/ULTRASONIC/ULTRASONIC.o (__aeabi_fmul)
d:/imt/imt tools/sdk/imt_sdk_win_64/winarm/armgcc/bin/../lib/gcc/arm-none-eabi/7.2.1/thumb/v7e-m\libgcc.a(_arm_fixunssfsi.o)
                              ./src/HAL/ULTRASONIC/ULTRASONIC.o (__aeabi_f2uiz)
d:/imt/imt tools/sdk/imt_sdk_win_64/winarm/armgcc/bin/../lib/gcc/arm-none-eabi/7.2.1/../../../../arm-none-eabi/lib/thumb/v7e-m\libg_nano.a(lib_a-errno.o)
                              ./system/src/newlib/_sbrk.o (__errno)
d:/imt/imt tools/sdk/imt_sdk_win_64/winarm/armgcc/bin/../lib/gcc/arm-none-eabi/7.2.1/../../../../arm-none-eabi/lib/thumb/v7e-m\libg_nano.a(lib_a-impure.o)
                              d:/imt/imt tools/sdk/imt_sdk_win_64/winarm/armgcc/bin/../lib/gcc/arm-none-eabi/7.2.1/../../../../arm-none-eabi/lib/thumb/v7e-m\libg_nano.a(lib_a-errno.o) (_impure_ptr)
d:/imt/imt tools/sdk/imt_sdk_win_64/winarm/armgcc/bin/../lib/gcc/arm-none-eabi/7.2.1/../../../../arm-none-eabi/lib/thumb/v7e-m\libg_nano.a(lib_a-itoa.o)
                              ./src/HAL/LCD/lcd.o (itoa)
d:/imt/imt tools/sdk/imt_sdk_win_64/winarm/armgcc/bin/../lib/gcc/arm-none-eabi/7.2.1/../../../../arm-none-eabi/lib/thumb/v7e-m\libg_nano.a(lib_a-memset.o)
                              ./src/HAL/GSM/GSM_prg.o (memset)
d:/imt/imt tools/sdk/imt_sdk_win_64/winarm/armgcc/bin/../lib/gcc/arm-none-eabi/7.2.1/../../../../arm-none-eabi/lib/thumb/v7e-m\libg_nano.a(lib_a-strcat.o)
                              ./src/HAL/GSM/GSM_prg.o (strcat)
d:/imt/imt tools/sdk/imt_sdk_win_64/winarm/armgcc/bin/../lib/gcc/arm-none-eabi/7.2.1/../../../../arm-none-eabi/lib/thumb/v7e-m\libg_nano.a(lib_a-strcpy.o)
                              ./src/HAL/GSM/GSM_prg.o (strcpy)
d:/imt/imt tools/sdk/imt_sdk_win_64/winarm/armgcc/bin/../lib/gcc/arm-none-eabi/7.2.1/../../../../arm-none-eabi/lib/thumb/v7e-m\libg_nano.a(lib_a-strlen.o)
                              ./system/src/diag/Trace.o (strlen)
d:/imt/imt tools/sdk/imt_sdk_win_64/winarm/armgcc/bin/../lib/gcc/arm-none-eabi/7.2.1/../../../../arm-none-eabi/lib/thumb/v7e-m\libg_nano.a(lib_a-strstr.o)
                              ./src/HAL/GSM/GSM_prg.o (strstr)
d:/imt/imt tools/sdk/imt_sdk_win_64/winarm/armgcc/bin/../lib/gcc/arm-none-eabi/7.2.1/../../../../arm-none-eabi/lib/thumb/v7e-m\libg_nano.a(lib_a-utoa.o)
                              d:/imt/imt tools/sdk/imt_sdk_win_64/winarm/armgcc/bin/../lib/gcc/arm-none-eabi/7.2.1/../../../../arm-none-eabi/lib/thumb/v7e-m\libg_nano.a(lib_a-itoa.o) (__utoa)
d:/imt/imt tools/sdk/imt_sdk_win_64/winarm/armgcc/bin/../lib/gcc/arm-none-eabi/7.2.1/../../../../arm-none-eabi/lib/thumb/v7e-m\libg_nano.a(lib_a-vsnprintf.o)
                              ./system/src/diag/Trace.o (vsnprintf)
d:/imt/imt tools/sdk/imt_sdk_win_64/winarm/armgcc/bin/../lib/gcc/arm-none-eabi/7.2.1/../../../../arm-none-eabi/lib/thumb/v7e-m\libg_nano.a(lib_a-nano-svfprintf.o)
                              d:/imt/imt tools/sdk/imt_sdk_win_64/winarm/armgcc/bin/../lib/gcc/arm-none-eabi/7.2.1/../../../../arm-none-eabi/lib/thumb/v7e-m\libg_nano.a(lib_a-vsnprintf.o) (_svfprintf_r)
d:/imt/imt tools/sdk/imt_sdk_win_64/winarm/armgcc/bin/../lib/gcc/arm-none-eabi/7.2.1/../../../../arm-none-eabi/lib/thumb/v7e-m\libg_nano.a(lib_a-nano-vfprintf_i.o)
                              d:/imt/imt tools/sdk/imt_sdk_win_64/winarm/armgcc/bin/../lib/gcc/arm-none-eabi/7.2.1/../../../../arm-none-eabi/lib/thumb/v7e-m\libg_nano.a(lib_a-nano-svfprintf.o) (_printf_i)
d:/imt/imt tools/sdk/imt_sdk_win_64/winarm/armgcc/bin/../lib/gcc/arm-none-eabi/7.2.1/../../../../arm-none-eabi/lib/thumb/v7e-m\libg_nano.a(lib_a-memchr.o)
                              d:/imt/imt tools/sdk/imt_sdk_win_64/winarm/armgcc/bin/../lib/gcc/arm-none-eabi/7.2.1/../../../../arm-none-eabi/lib/thumb/v7e-m\libg_nano.a(lib_a-nano-svfprintf.o) (memchr)
d:/imt/imt tools/sdk/imt_sdk_win_64/winarm/armgcc/bin/../lib/gcc/arm-none-eabi/7.2.1/../../../../arm-none-eabi/lib/thumb/v7e-m\libg_nano.a(lib_a-memcpy-stub.o)
[...]
Memory Configuration

Name             Origin             Length             Attributes
RAM              0x20000000         0x00010000         xrw
CCMRAM           0x10000000         0x00000000         xrw
FLASH            0x08000000         0x00040000         xr
FLASHB1          0x00000000         0x00000000         xr
EXTMEMB0         0x00000000         0x00000000         xr
EXTMEMB1         0x00000000         0x00000000         xr
EXTMEMB2         0x00000000         0x00000000         xr
EXTMEMB3         0x00000000         0x00000000         xr
*default*        0x00000000         0xffffffff

Linker script and memory map

LOAD ./system/src/stm32f4-hal/stm32f4xx_hal.o
LOAD ./system/src/stm32f4-hal/stm32f4xx_hal_cortex.o
LOAD ./system/src/stm32f4-hal/stm32f4xx_hal_dfsdm.o
LOAD ./system/src/stm32f4-hal/stm32f4xx_hal_flash.o
LOAD ./system/src/stm32f4-hal/stm32f4xx_hal_gpio.o
LOAD ./system/src/stm32f4-hal/stm32f4xx_hal_iwdg.o
LOAD ./system/src/stm32f4-hal/stm32f4xx_hal_pwr.o
LOAD ./system/src/stm32f4-hal/stm32f4xx_hal_rcc.o
LOAD ./system/src/newlib/_cxx.o
LOAD ./system/src/newlib/_exit.o
LOAD ./system/src/newlib/_sbrk.o
LOAD ./system/src/newlib/_startup.o
LOAD ./system/src/newlib/_syscalls.o
LOAD ./system/src/newlib/assert.o
LOAD ./system/src/diag/Trace.o
LOAD ./system/src/diag/trace_impl.o
LOAD ./system/src/cortexm/_initialize_hardware.o
LOAD ./system/src/cortexm/_reset_hardware.o
LOAD ./system/src/cortexm/exception_handlers.o
LOAD ./system/src/cmsis/system_stm32f4xx.o
LOAD ./system/src/cmsis/vectors_stm32f401xc.o
LOAD ./src/RTOS/RTOS_prg.o
LOAD ./src/MCAL/USART/USART.cfg.o
LOAD ./src/MCAL/USART/USART_prog.o
LOAD ./src/MCAL/TIMER/TIMER_prg.o
LOAD ./src/MCAL/TIM10_11_PWM/TIM10_11_prg.o
LOAD ./src/MCAL/SYSTICK/SYSTICK_prg.o
LOAD ./src/MCAL/RCC/RCC_prg.o
LOAD ./src/MCAL/NVIC/NVIC_prg.o
LOAD ./src/MCAL/I2C/I2C_cfg.o
LOAD ./src/MCAL/I2C/I2C_prg.o
LOAD ./src/MCAL/GPIO/GPIO_prg.o
LOAD ./src/MCAL/EXTI/EX_INT_prg.o
LOAD ./src/MCAL/ADC/ADC_prog.o
LOAD ./src/HAL/water_sensor/water_sensor.o
LOAD ./src/HAL/water_sensor/water_sensor_config.o
LOAD ./src/HAL/ULTRASONIC/ULTRASONIC.o
LOAD ./src/HAL/ULTRASONIC/ULTRASONIC_cfg.o
LOAD ./src/HAL/Telt_sensor/Telt_sensor.o
LOAD ./src/HAL/SEVEN_Segment/Segment.o
LOAD ./src/HAL/MPU/MPU.o
LOAD ./src/HAL/MPU/MPU_cfg.o
LOAD ./src/HAL/LCD/lcd.o
LOAD ./src/HAL/GSM/GSM_prg.o
LOAD ./src/HAL/DC_Moror/DCM_prg.o
LOAD ./src/APP/APP.o
LOAD ./src/_initialize_hardware.o
LOAD ./src/main.o
LOAD ./src/stm32f4xx_hal_msp.o
LOAD d:/imt/imt tools/sdk/imt_sdk_win_64/winarm/armgcc/bin/../lib/gcc/arm-none-eabi/7.2.1/../../../../arm-none-eabi/lib/thumb/v7e-m\libstdc++_nano.a
LOAD d:/imt/imt tools/sdk/imt_sdk_win_64/winarm/armgcc/bin/../lib/gcc/arm-none-eabi/7.2.1/../../../../arm-none-eabi/lib/thumb/v7e-m\libm.a
START GROUP
LOAD d:/imt/imt tools/sdk/imt_sdk_win_64/winarm/armgcc/bin/../lib/gcc/arm-none-eabi/7.2.1/thumb/v7e-m\libgcc.a
LOAD d:/imt/imt tools/sdk/imt_sdk_win_64/winarm/armgcc/bin/../lib/gcc/arm-none-eabi/7.2.1/../../../../arm-none-eabi/lib/thumb/v7e-m\libg_nano.a
LOAD d:/imt/imt tools/sdk/imt_sdk_win_64/winarm/armgcc/bin/../lib/gcc/arm-none-eabi/7.2.1/../../../../arm-none-eabi/lib/thumb/v7e-m\libc_nano.a
END GROUP
START GROUP
LOAD d:/imt/imt tools/sdk/imt_sdk_win_64/winarm/armgcc/bin/../lib/gcc/arm-none-eabi/7.2.1/thumb/v7e-m\libgcc.a
LOAD d:/imt/imt tools/sdk/imt_sdk_win_64/winarm/armgcc/bin/../lib/gcc/arm-none-eabi/7.2.1/../../../../arm-none-eabi/lib/thumb/v7e-m\libc_nano.a
END GROUP
                0x20010000                __stack = (ORIGIN (RAM) + LENGTH (RAM))
                0x20010000                _estack = __stack
                0x00000400                __Main_Stack_Size = 0x400
                [!provide]                PROVIDE (_Main_Stack_Size, __Main_Stack_Size)
                0x2000fc00                __Main_Stack_Limit = (__stack - __Main_Stack_Size)
                [!provide]                PROVIDE (_Main_Stack_Limit, __Main_Stack_Limit)
                0x00000100                _Minimum_Stack_Size = 0x100
                0x200003d4                PROVIDE (_Heap_Begin, _end_noinit)
                0x2000fc00                PROVIDE (_Heap_Limit, (__stack - __Main_Stack_Size))

.isr_vector     0x08000000      0x3f4
 FILL mask 0xff
                0x08000000                __vectors_start = ABSOLUTE (.)
                0x08000000                __vectors_start__ = ABSOLUTE (.)
 *(.isr_vector)
 .isr_vector    0x08000000      0x194 ./system/src/cmsis/vectors_stm32f401xc.o
                0x08000000                __isr_vectors
 *(.cfmconfig)
 *(.after_vectors .after_vectors.*)
 .after_vectors
                0x08000194      0x130 ./system/src/newlib/_startup.o
                0x08000194                _start
 .after_vectors
                0x080002c4      0x12c ./system/src/cortexm/exception_handlers.o
                0x080002c4                Reset_Handler
                0x080002ca                NMI_Handler
                0x080002ce                HardFault_Handler
                0x080002e2                HardFault_Handler_C
                0x08000340                MemManage_Handler
                0x08000344                BusFault_Handler
                0x08000358                BusFault_Handler_C
                0x0800038c                UsageFault_Handler
                0x080003a0                UsageFault_Handler_C
                0x080003d4                SVC_Handler
                0x080003d8                DebugMon_Handler
                0x080003dc                PendSV_Handler
 .after_vectors
                0x080003f0        0x4 ./system/src/cmsis/vectors_stm32f401xc.o
                0x080003f0                RTC_Alarm_IRQHandler
                0x080003f0                SPI4_IRQHandler
                0x080003f0                DMA2_Stream5_IRQHandler
                0x080003f0                DMA1_Stream5_IRQHandler
                0x080003f0                PVD_IRQHandler
                0x080003f0                SDIO_IRQHandler
                0x080003f0                TAMP_STAMP_IRQHandler
                0x080003f0                TIM1_UP_TIM10_IRQHandler
                0x080003f0                I2C3_ER_IRQHandler
                0x080003f0                I2C2_EV_IRQHandler
                0x080003f0                DMA1_Stream2_IRQHandler
                0x080003f0                FPU_IRQHandler
                0x080003f0                DMA2_Stream2_IRQHandler
                0x080003f0                SPI1_IRQHandler
                0x080003f0                DMA2_Stream3_IRQHandler
                0x080003f0                DMA2_Stream0_IRQHandler
                0x080003f0                I2C1_EV_IRQHandler
                0x080003f0                DMA1_Stream6_IRQHandler
                0x080003f0                DMA1_Stream1_IRQHandler
                0x080003f0                RCC_IRQHandler
                0x080003f0                Default_Handler
                0x080003f0                DMA1_Stream7_IRQHandler
                0x080003f0                DMA2_Stream7_IRQHandler
                0x080003f0                I2C3_EV_IRQHandler
                0x080003f0                RTC_WKUP_IRQHandler
                0x080003f0                SPI2_IRQHandler
                0x080003f0                DMA1_Stream0_IRQHandler
                0x080003f0                WWDG_IRQHandler
                0x080003f0                OTG_FS_WKUP_IRQHandler
                0x080003f0                TIM1_TRG_COM_TIM11_IRQHandler
                0x080003f0                I2C2_ER_IRQHandler
                0x080003f0                DMA2_Stream1_IRQHandler
                0x080003f0                FLASH_IRQHandler
                0x080003f0                DMA2_Stream4_IRQHandler
                0x080003f0                OTG_FS_IRQHandler
                0x080003f0                SPI3_IRQHandler
                0x080003f0                DMA1_Stream4_IRQHandler
                0x080003f0                I2C1_ER_IRQHandler
                0x080003f0                DMA2_Stream6_IRQHandler
                0x080003f0                DMA1_Stream3_IRQHandler

.inits          0x080003f4       0x28
                0x080003f4                __data_regions_array_start = .
                0x080003f4        0x4 LONG 0x8004824 LOADADDR (.data)
                0x080003f8        0x4 LONG 0x20000000 ADDR (.data)
                0x080003fc        0x4 LONG 0x20000134 (ADDR (.data) + SIZEOF (.data))
                0x08000400        0x4 LONG 0x8004824 LOADADDR (.data_CCMRAM)
                0x08000404        0x4 LONG 0x10000000 ADDR (.data_CCMRAM)
                0x08000408        0x4 LONG 0x10000000 (ADDR (.data_CCMRAM) + SIZEOF (.data_CCMRAM))
                0x0800040c                __data_regions_array_end = .
                0x0800040c                __bss_regions_array_start = .
                0x0800040c        0x4 LONG 0x20000138 ADDR (.bss)
                0x08000410        0x4 LONG 0x200003d4 (ADDR (.bss) + SIZEOF (.bss))
                0x08000414        0x4 LONG 0x10000000 ADDR (.bss_CCMRAM)
                0x08000418        0x4 LONG 0x10000000 (ADDR (.bss_CCMRAM) + SIZEOF (.bss_CCMRAM))
                0x0800041c                __bss_regions_array_end = .
 *(.init)
 *(.fini)
                0x0800041c                . = ALIGN (0x4)
                0x0800041c                PROVIDE (__preinit_array_start, .)
 *(.preinit_array_sysinit .preinit_array_sysinit.*)
 *(.preinit_array_platform .preinit_array_platform.*)
 *(.preinit_array .preinit_array.*)
                0x0800041c                PROVIDE (__preinit_array_end, .)
                0x0800041c                . = ALIGN (0x4)
                0x0800041c                PROVIDE (__init_array_start, .)
 *(SORT_BY_NAME(.init_array.*))
 *(.init_array)
                0x0800041c                PROVIDE (__init_array_end, .)
                0x0800041c                . = ALIGN (0x4)
                0x0800041c                PROVIDE (__fini_array_start, .)
 *(SORT_BY_NAME(.fini_array.*))
 *(.fini_array)
                0x0800041c                PROVIDE (__fini_array_end, .)

.flashtext
 *(.flashtext .flashtext.*)

.text           0x08000420     0x4401
 *(.text .text.*)
 .text._exit    0x08000420        0x2 ./system/src/newlib/_exit.o
                0x08000420                _exit
 *fill*         0x08000422        0x2 
 .text._sbrk    0x08000424       0x44 ./system/src/newlib/_sbrk.o
                0x08000424                _sbrk
 .text.__initialize_args
                0x08000468       0x10 ./system/src/newlib/_syscalls.o
                0x08000468                __initialize_args
 .text.trace_printf
                0x08000478       0x30 ./system/src/diag/Trace.o
                0x08000478                trace_printf
 .text._trace_write_semihosting_debug
                0x080004a8       0x60 ./system/src/diag/trace_impl.o
 .text.trace_write
                0x08000508        0x8 ./system/src/diag/trace_impl.o
                0x08000508                trace_write
 .text.__initialize_hardware_early
                0x08000510       0x18 ./system/src/cortexm/_initialize_hardware.o
                0x08000510                __initialize_hardware_early
 .text.dumpExceptionStack
                0x08000528       0xf4 ./system/src/cortexm/exception_handlers.o
                0x08000528                dumpExceptionStack
 .text.isSemihosting
                0x0800061c       0x20 ./system/src/cortexm/exception_handlers.o
                0x0800061c                isSemihosting
 .text.SystemInit
                0x0800063c       0x40 ./system/src/cmsis/system_stm32f4xx.o
                0x0800063c                SystemInit
 .text.Scheduler
                0x0800067c       0x50 ./src/RTOS/RTOS_prg.o
                0x0800067c                Scheduler
 .text.RTOS_voidStartOS
                0x080006cc       0x14 ./src/RTOS/RTOS_prg.o
                0x080006cc                RTOS_voidStartOS
 .text.RTOS_u8CreateTask
                0x080006e0       0x3c ./src/RTOS/RTOS_prg.o
                0x080006e0                RTOS_u8CreateTask
 .text.RTOS_u8SuspendTask
                0x0800071c       0x1c ./src/RTOS/RTOS_prg.o
                0x0800071c                RTOS_u8SuspendTask
 .text.RTOS_u8ResumeTask
                0x08000738       0x20 ./src/RTOS/RTOS_prg.o
                0x08000738                RTOS_u8ResumeTask
 .text.RTOS_u8ChangePeriodicity
                0x08000758        0x6 ./src/RTOS/RTOS_prg.o
                0x08000758                RTOS_u8ChangePeriodicity
 *fill*         0x0800075e        0x2 
 .text.USART_Init
                0x08000760       0xe0 ./src/MCAL/USART/USART_prog.o
                0x08000760                USART_Init
 .text.USART_Transmiter
                0x08000840       0x1a ./src/MCAL/USART/USART_prog.o
                0x08000840                USART_Transmiter
 .text.USART_Receiver_Transmiter
                0x0800085a       0x1a ./src/MCAL/USART/USART_prog.o
                0x0800085a                USART_Receiver_Transmiter
 .text.USART_Transmite_Byte_sync
                0x08000874       0x34 ./src/MCAL/USART/USART_prog.o
                0x08000874                USART_Transmite_Byte_sync
 .text.USART1_Set_CBF
                0x080008a8       0x14 ./src/MCAL/USART/USART_prog.o
                0x080008a8                USART1_Set_CBF
 .text.USART6_Set_CBF
                0x080008bc       0x14 ./src/MCAL/USART/USART_prog.o
                0x080008bc                USART6_Set_CBF
 .text.USART_Receive_Byte_Async_Interrupt_En
                0x080008d0       0x16 ./src/MCAL/USART/USART_prog.o
                0x080008d0                USART_Receive_Byte_Async_Interrupt_En
 .text.USART_Get_Data_Reg
                0x080008e6        0x4 ./src/MCAL/USART/USART_prog.o
                0x080008e6                USART_Get_Data_Reg
 *fill*         0x080008ea        0x2 
 .text.USART1_IRQHandler
                0x080008ec       0x1c ./src/MCAL/USART/USART_prog.o
                0x080008ec                USART1_IRQHandler
 .text.USART2_IRQHandler
                0x08000908       0x1c ./src/MCAL/USART/USART_prog.o
                0x08000908                USART2_IRQHandler
 .text.USART6_IRQHandler
                0x08000924       0x1c ./src/MCAL/USART/USART_prog.o
                0x08000924                USART6_IRQHandler
 .text.TIMER_Init
                0x08000940       0x8a ./src/MCAL/TIMER/TIMER_prg.o
                0x08000940                TIMER_Init
 *fill*         0x080009ca        0x2 
 .text.TIMER_Set_Psc
                0x080009cc       0x68 ./src/MCAL/TIMER/TIMER_prg.o
                0x080009cc                TIMER_Set_Psc
 .text.TIMER_Set_Auto_Reload
                0x08000a34       0x68 ./src/MCAL/TIMER/TIMER_prg.o
                0x08000a34                TIMER_Set_Auto_Reload
 .text.TIMER_Start_Stop
                0x08000a9c       0x98 ./src/MCAL/TIMER/TIMER_prg.o
                0x08000a9c                TIMER_Start_Stop
 .text.TIMER_Set_Call_Back
                0x08000b34       0x5c ./src/MCAL/TIMER/TIMER_prg.o
                0x08000b34                TIMER_Set_Call_Back
 .text.TIMER_ICU_Result
                0x08000b90      0x130 ./src/MCAL/TIMER/TIMER_prg.o
                0x08000b90                TIMER_ICU_Result
 .text.TIMER_Mode_ICU
                0x08000cc0      0x4d4 ./src/MCAL/TIMER/TIMER_prg.o
                0x08000cc0                TIMER_Mode_ICU
 .text.TIMER_Clear_Counter
                0x08001194       0x70 ./src/MCAL/TIMER/TIMER_prg.o
                0x08001194                TIMER_Clear_Counter
 .text.TIMER_Set_ICU_Edges
                0x08001204      0x28c ./src/MCAL/TIMER/TIMER_prg.o
                0x08001204                TIMER_Set_ICU_Edges
 .text.TIM1_CC_IRQHandler
                0x08001490       0x50 ./src/MCAL/TIMER/TIMER_prg.o
                0x08001490                TIM1_CC_IRQHandler
 .text.TIM2_IRQHandler
                0x080014e0       0x50 ./src/MCAL/TIMER/TIMER_prg.o
                0x080014e0                TIM2_IRQHandler
 .text.TIM3_IRQHandler
                0x08001530       0x50 ./src/MCAL/TIMER/TIMER_prg.o
                0x08001530                TIM3_IRQHandler
 .text.TIM4_IRQHandler
                0x08001580       0x50 ./src/MCAL/TIMER/TIMER_prg.o
                0x08001580                TIM4_IRQHandler
 .text.TIM5_IRQHandler
                0x080015d0       0x50 ./src/MCAL/TIMER/TIMER_prg.o
                0x080015d0                TIM5_IRQHandler
 .text.TIM1_BRK_TIM9_IRQHandler
                0x08001620       0x40 ./src/MCAL/TIMER/TIMER_prg.o
                0x08001620                TIM1_BRK_TIM9_IRQHandler
 .text.TIM10_11_init
                0x08001660       0x8c ./src/MCAL/TIM10_11_PWM/TIM10_11_prg.o
                0x08001660                TIM10_11_init
 .text.TIM10_11_PWM
                0x080016ec       0x30 ./src/MCAL/TIM10_11_PWM/TIM10_11_prg.o
                0x080016ec                TIM10_11_PWM
 .text.SysTick_Handler
                0x0800171c       0x30 ./src/MCAL/SYSTICK/SYSTICK_prg.o
                0x0800171c                SysTick_Handler
 .text.SYSTICK_SET_INTERVAL_MULTI
                0x0800174c       0x40 ./src/MCAL/SYSTICK/SYSTICK_prg.o
                0x0800174c                SYSTICK_SET_INTERVAL_MULTI
 .text.RCC_Init
                0x0800178c       0x44 ./src/MCAL/RCC/RCC_prg.o
                0x0800178c                RCC_Init
 .text.RCC_Enable_Clock
                0x080017d0       0x50 ./src/MCAL/RCC/RCC_prg.o
                0x080017d0                RCC_Enable_Clock
 .text.NVIC_En_Interrupt
                0x08001820       0x38 ./src/MCAL/NVIC/NVIC_prg.o
                0x08001820                NVIC_En_Interrupt
 .text.I2C_Init
                0x08001858      0x174 ./src/MCAL/I2C/I2C_prg.o
                0x08001858                I2C_Init
 .text.I2C_Gpio_Config
                0x080019cc      0x12c ./src/MCAL/I2C/I2C_prg.o
                0x080019cc                I2C_Gpio_Config
 .text.I2C_Read_Byte
                0x08001af8      0x210 ./src/MCAL/I2C/I2C_prg.o
                0x08001af8                I2C_Read_Byte
 .text.I2C_Write_Byte
                0x08001d08      0x164 ./src/MCAL/I2C/I2C_prg.o
                0x08001d08                I2C_Write_Byte
 .text.GPIO_Set_Pin_Direction
                0x08001e6c       0x70 ./src/MCAL/GPIO/GPIO_prg.o
                0x08001e6c                GPIO_Set_Pin_Direction
 .text.GPIO_Set_Output_Type
                0x08001edc       0x74 ./src/MCAL/GPIO/GPIO_prg.o
                0x08001edc                GPIO_Set_Output_Type
 .text.GPIO_Set_Output_Speed
                0x08001f50       0x78 ./src/MCAL/GPIO/GPIO_prg.o
                0x08001f50                GPIO_Set_Output_Speed
 .text.GPIO_Set_Pin_Value
                0x08001fc8       0x74 ./src/MCAL/GPIO/GPIO_prg.o
                0x08001fc8                GPIO_Set_Pin_Value
 .text.GPIO_Alternate_Function
                0x0800203c       0xf4 ./src/MCAL/GPIO/GPIO_prg.o
                0x0800203c                GPIO_Alternate_Function
 .text.EXTI0_IRQHandler
                0x08002130       0x24 ./src/MCAL/EXTI/EX_INT_prg.o
                0x08002130                EXTI0_IRQHandler
 .text.EXTI1_IRQHandler
                0x08002154       0x24 ./src/MCAL/EXTI/EX_INT_prg.o
                0x08002154                EXTI1_IRQHandler
 .text.EXTI2_IRQHandler
                0x08002178       0x24 ./src/MCAL/EXTI/EX_INT_prg.o
                0x08002178                EXTI2_IRQHandler
 .text.EXTI3_IRQHandler
                0x0800219c       0x24 ./src/MCAL/EXTI/EX_INT_prg.o
                0x0800219c                EXTI3_IRQHandler
 .text.EXTI4_IRQHandler
                0x080021c0       0x24 ./src/MCAL/EXTI/EX_INT_prg.o
                0x080021c0                EXTI4_IRQHandler
 .text.EXTI9_5_IRQHandler
                0x080021e4       0x24 ./src/MCAL/EXTI/EX_INT_prg.o
                0x080021e4                EXTI9_5_IRQHandler
 .text.EXTI15_10_IRQHandler
                0x08002208       0x24 ./src/MCAL/EXTI/EX_INT_prg.o
                0x08002208                EXTI15_10_IRQHandler
 .text.ADC_init
                0x0800222c       0x60 ./src/MCAL/ADC/ADC_prog.o
                0x0800222c                ADC_init
 .text.ADC_CHANIL_CONFIG
                0x0800228c       0x3a ./src/MCAL/ADC/ADC_prog.o
                0x0800228c                ADC_CHANIL_CONFIG
 *fill*         0x080022c6        0x2 
 .text.ADC_Get_Value_Sync
                0x080022c8       0x34 ./src/MCAL/ADC/ADC_prog.o
                0x080022c8                ADC_Get_Value_Sync
 .text.ADC_Interrupt_CB
                0x080022fc       0x14 ./src/MCAL/ADC/ADC_prog.o
                0x080022fc                ADC_Interrupt_CB
 .text.ADC_Get_Value_Async
                0x08002310       0x20 ./src/MCAL/ADC/ADC_prog.o
                0x08002310                ADC_Get_Value_Async
 .text.ADC_IRQHandler
                0x08002330       0x20 ./src/MCAL/ADC/ADC_prog.o
                0x08002330                ADC_IRQHandler
 .text.ADC_Get_Value
                0x08002350        0xc ./src/MCAL/ADC/ADC_prog.o
                0x08002350                ADC_Get_Value
 .text.ADC_ISR_CallBack_GET_VALUE
                0x0800235c       0x10 ./src/HAL/water_sensor/water_sensor.o
 .text.Water_Sensor_init
                0x0800236c       0x2c ./src/HAL/water_sensor/water_sensor.o
                0x0800236c                Water_Sensor_init
 .text.Measuring_Error_Acton
                0x08002398       0x1c ./src/HAL/water_sensor/water_sensor.o
                0x08002398                Measuring_Error_Acton
 .text.Water_Sensor_Get_Value_Async
                0x080023b4       0x74 ./src/HAL/water_sensor/water_sensor.o
                0x080023b4                Water_Sensor_Get_Value_Async
 .text.Ultrasonic_Timer1_Call_Back
                0x08002428       0x50 ./src/HAL/ULTRASONIC/ULTRASONIC.o
                0x08002428                Ultrasonic_Timer1_Call_Back
 .text.Ultrasonic_Timer2_Call_Back
                0x08002478       0x50 ./src/HAL/ULTRASONIC/ULTRASONIC.o
                0x08002478                Ultrasonic_Timer2_Call_Back
 .text.Ultrasonic_Timer3_Call_Back
                0x080024c8       0x50 ./src/HAL/ULTRASONIC/ULTRASONIC.o
                0x080024c8                Ultrasonic_Timer3_Call_Back
 .text.Ultrasonic_Timer5_Call_Back
                0x08002518       0x50 ./src/HAL/ULTRASONIC/ULTRASONIC.o
                0x08002518                Ultrasonic_Timer5_Call_Back
 .text.Ultrasonic_Timer9_Call_Back
                0x08002568       0x50 ./src/HAL/ULTRASONIC/ULTRASONIC.o
                0x08002568                Ultrasonic_Timer9_Call_Back
 .text.US_Init  0x080025b8      0x1b4 ./src/HAL/ULTRASONIC/ULTRASONIC.o
                0x080025b8                US_Init
 .text.US_Get_Distance
                0x0800276c       0x3c ./src/HAL/ULTRASONIC/ULTRASONIC.o
                0x0800276c                US_Get_Distance
 .text.US_Start
                0x080027a8       0x90 ./src/HAL/ULTRASONIC/ULTRASONIC.o
                0x080027a8                US_Start
 .text.DELAY_Micro
                0x08002838       0x24 ./src/HAL/ULTRASONIC/ULTRASONIC.o
                0x08002838                DELAY_Micro
 .text.US_Set_Trigger
                0x0800285c       0x3c ./src/HAL/ULTRASONIC/ULTRASONIC.o
                0x0800285c                US_Set_Trigger
 .text.MPU6050_Init
                0x08002898       0x54 ./src/HAL/MPU/MPU.o
                0x08002898                MPU6050_Init
 *fill*         0x080028ec        0x4 
 .text.MPU6050_Read_All
                0x080028f0      0x1b4 ./src/HAL/MPU/MPU.o
                0x080028f0                MPU6050_Read_All
 .text.DC_Motor_Init
                0x08002aa4       0x7c ./src/HAL/DC_Moror/DCM_prg.o
                0x08002aa4                DC_Motor_Init
 .text.DC_Motor_MoveBackward
                0x08002b20       0x68 ./src/HAL/DC_Moror/DCM_prg.o
                0x08002b20                DC_Motor_MoveBackward
 .text.DC_Motor_Stop
                0x08002b88       0x2c ./src/HAL/DC_Moror/DCM_prg.o
                0x08002b88                DC_Motor_Stop
 .text.RasPi_GetData
                0x08002bb4       0x18 ./src/APP/APP.o
                0x08002bb4                RasPi_GetData
 .text.Bluetooth_Get_Orded
                0x08002bcc       0x18 ./src/APP/APP.o
                0x08002bcc                Bluetooth_Get_Orded
 .text.Hardware_Init
                0x08002be4      0x110 ./src/APP/APP.o
                0x08002be4                Hardware_Init
 .text.US_Trigger_All
                0x08002cf4       0x2c ./src/APP/APP.o
                0x08002cf4                US_Trigger_All
 .text.GET_US_Distance
                0x08002d20       0x3c ./src/APP/APP.o
                0x08002d20                GET_US_Distance
 .text.US_Take_Action
                0x08002d5c       0x40 ./src/APP/APP.o
                0x08002d5c                US_Take_Action
 .text.Buzzer_Toggle
                0x08002d9c       0x1c ./src/APP/APP.o
                0x08002d9c                Buzzer_Toggle
 .text.Buzzer_RullOver_Toggle
                0x08002db8       0x1c ./src/APP/APP.o
                0x08002db8                Buzzer_RullOver_Toggle
 .text.Blind_Spot_Warrning
                0x08002dd4       0x38 ./src/APP/APP.o
                0x08002dd4                Blind_Spot_Warrning
 .text.Update_MPU_Data
                0x08002e0c       0x14 ./src/APP/APP.o
                0x08002e0c                Update_MPU_Data
 .text.MPU_Take_Actoin
                0x08002e20       0x90 ./src/APP/APP.o
                0x08002e20                MPU_Take_Actoin
 .text.Water_Sensor_Update
                0x08002eb0       0x18 ./src/APP/APP.o
                0x08002eb0                Water_Sensor_Update
 .text.Water_Sensor_Take_Action
                0x08002ec8       0x3c ./src/APP/APP.o
                0x08002ec8                Water_Sensor_Take_Action
 .text.Water_Sensor_Toggle
                0x08002f04       0x1c ./src/APP/APP.o
                0x08002f04                Water_Sensor_Toggle
 .text.__initialize_hardware
                0x08002f20        0x2 ./src/_initialize_hardware.o
                0x08002f20                __initialize_hardware
 *fill*         0x08002f22        0x2 
 .text.main     0x08002f24       0xd8 ./src/main.o
                0x08002f24                main
 .text          0x08002ffc      0x378 d:/imt/imt tools/sdk/imt_sdk_win_64/winarm/armgcc/bin/../lib/gcc/arm-none-eabi/7.2.1/thumb/v7e-m\libgcc.a(_arm_addsubdf3.o)
                0x08002ffc                __aeabi_drsub
                0x08003004                __aeabi_dsub
                0x08003004                __subdf3
                0x08003008                __aeabi_dadd
                0x08003008                __adddf3
                0x08003280                __floatunsidf
                0x08003280                __aeabi_ui2d
                0x080032a0                __floatsidf
                0x080032a0                __aeabi_i2d
                0x080032c4                __aeabi_f2d
                0x080032c4                __extendsfdf2
                0x08003308                __floatundidf
                0x08003308                __aeabi_ul2d
                0x08003318                __floatdidf
                0x08003318                __aeabi_l2d
 .text          0x08003374      0x424 d:/imt/imt tools/sdk/imt_sdk_win_64/winarm/armgcc/bin/../lib/gcc/arm-none-eabi/7.2.1/thumb/v7e-m\libgcc.a(_arm_muldivdf3.o)
                0x08003374                __aeabi_dmul
                0x08003374                __muldf3
                0x080035c8                __divdf3
                0x080035c8                __aeabi_ddiv
 .text          0x08003798      0x110 d:/imt/imt tools/sdk/imt_sdk_win_64/winarm/armgcc/bin/../lib/gcc/arm-none-eabi/7.2.1/thumb/v7e-m\libgcc.a(_arm_cmpdf2.o)
                0x08003798                __gtdf2
                0x08003798                __gedf2
                0x080037a0                __ltdf2
                0x080037a0                __ledf2
                0x080037a8                __nedf2
                0x080037a8                __eqdf2
                0x080037a8                __cmpdf2
                0x08003824                __aeabi_cdrcmple
                0x08003834                __aeabi_cdcmpeq
                0x08003834                __aeabi_cdcmple
                0x08003844                __aeabi_dcmpeq
                0x08003858                __aeabi_dcmplt
                0x0800386c                __aeabi_dcmple
                0x08003880                __aeabi_dcmpge
                0x08003894                __aeabi_dcmpgt
 .text          0x080038a8      0x21c d:/imt/imt tools/sdk/imt_sdk_win_64/winarm/armgcc/bin/../lib/gcc/arm-none-eabi/7.2.1/thumb/v7e-m\libgcc.a(_arm_addsubsf3.o)
                0x080038a8                __aeabi_frsub
                0x080038b0                __subsf3
                0x080038b0                __aeabi_fsub
                0x080038b4                __aeabi_fadd
                0x080038b4                __addsf3
                0x08003a14                __aeabi_ui2f
                0x08003a14                __floatunsisf
                0x08003a1c                __aeabi_i2f
                0x08003a1c                __floatsisf
                0x08003a38                __aeabi_ul2f
                0x08003a38                __floatundisf
                0x08003a48                __aeabi_l2f
                0x08003a48                __floatdisf
 .text          0x08003ac4      0x2a0 d:/imt/imt tools/sdk/imt_sdk_win_64/winarm/armgcc/bin/../lib/gcc/arm-none-eabi/7.2.1/thumb/v7e-m\libgcc.a(_arm_muldivsf3.o)
                0x08003ac4                __mulsf3
                0x08003ac4                __aeabi_fmul
                0x08003c2c                __aeabi_fdiv
                0x08003c2c                __divsf3
 .text          0x08003d64       0x40 d:/imt/imt tools/sdk/imt_sdk_win_64/winarm/armgcc/bin/../lib/gcc/arm-none-eabi/7.2.1/thumb/v7e-m\libgcc.a(_arm_fixunssfsi.o)
                0x08003d64                __fixunssfsi
                0x08003d64                __aeabi_f2uiz
 .text.__errno  0x08003da4        0xc d:/imt/imt tools/sdk/imt_sdk_win_64/winarm/armgcc/bin/../lib/gcc/arm-none-eabi/7.2.1/../../../../arm-none-eabi/lib/thumb/v7e-m\libg_nano.a(lib_a-errno.o)
                0x08003da4                __errno
 .text._vsnprintf_r
                0x08003db0       0x58 d:/imt/imt tools/sdk/imt_sdk_win_64/winarm/armgcc/bin/../lib/gcc/arm-none-eabi/7.2.1/../../../../arm-none-eabi/lib/thumb/v7e-m\libg_nano.a(lib_a-vsnprintf.o)
                0x08003db0                _vsniprintf_r
                0x08003db0                _vsnprintf_r
 .text.vsnprintf
                0x08003e08       0x1c d:/imt/imt tools/sdk/imt_sdk_win_64/winarm/armgcc/bin/../lib/gcc/arm-none-eabi/7.2.1/../../../../arm-none-eabi/lib/thumb/v7e-m\libg_nano.a(lib_a-vsnprintf.o)
                0x08003e08                vsniprintf
                0x08003e08                vsnprintf
 .text.__ssputs_r
                0x08003e24       0xb4 d:/imt/imt tools/sdk/imt_sdk_win_64/winarm/armgcc/bin/../lib/gcc/arm-none-eabi/7.2.1/../../../../arm-none-eabi/lib/thumb/v7e-m\libg_nano.a(lib_a-nano-svfprintf.o)
                0x08003e24                __ssputs_r
 .text._svfprintf_r
                0x08003ed8      0x1ec d:/imt/imt tools/sdk/imt_sdk_win_64/winarm/armgcc/bin/../lib/gcc/arm-none-eabi/7.2.1/../../../../arm-none-eabi/lib/thumb/v7e-m\libg_nano.a(lib_a-nano-svfprintf.o)
                0x08003ed8                _svfiprintf_r
                0x08003ed8                _svfprintf_r
 .text._printf_common
                0x080040c4       0xea d:/imt/imt tools/sdk/imt_sdk_win_64/winarm/armgcc/bin/../lib/gcc/arm-none-eabi/7.2.1/../../../../arm-none-eabi/lib/thumb/v7e-m\libg_nano.a(lib_a-nano-vfprintf_i.o)
                0x080040c4                _printf_common
 *fill*         0x080041ae        0x2 
 .text._printf_i
                0x080041b0      0x224 d:/imt/imt tools/sdk/imt_sdk_win_64/winarm/armgcc/bin/../lib/gcc/arm-none-eabi/7.2.1/../../../../arm-none-eabi/lib/thumb/v7e-m\libg_nano.a(lib_a-nano-vfprintf_i.o)
                0x080041b0                _printf_i
 *fill*         0x080043d4        0xc 
 .text          0x080043e0       0xa0 d:/imt/imt tools/sdk/imt_sdk_win_64/winarm/armgcc/bin/../lib/gcc/arm-none-eabi/7.2.1/../../../../arm-none-eabi/lib/thumb/v7e-m\libg_nano.a(lib_a-memchr.o)
                0x080043e0                memchr
 .text.memcpy   0x08004480       0x16 d:/imt/imt tools/sdk/imt_sdk_win_64/winarm/armgcc/bin/../lib/gcc/arm-none-eabi/7.2.1/../../../../arm-none-eabi/lib/thumb/v7e-m\libg_nano.a(lib_a-memcpy-stub.o)
                0x08004480                memcpy
 .text.memmove  0x08004496       0x32 d:/imt/imt tools/sdk/imt_sdk_win_64/winarm/armgcc/bin/../lib/gcc/arm-none-eabi/7.2.1/../../../../arm-none-eabi/lib/thumb/v7e-m\libg_nano.a(lib_a-memmove.o)
                0x08004496                memmove
 .text._free_r  0x080044c8       0x9c d:/imt/imt tools/sdk/imt_sdk_win_64/winarm/armgcc/bin/../lib/gcc/arm-none-eabi/7.2.1/../../../../arm-none-eabi/lib/thumb/v7e-m\libg_nano.a(lib_a-nano-freer.o)
                0x080044c8                _free_r
 .text._malloc_r
                0x08004564       0xb4 d:/imt/imt tools/sdk/imt_sdk_win_64/winarm/armgcc/bin/../lib/gcc/arm-none-eabi/7.2.1/../../../../arm-none-eabi/lib/thumb/v7e-m\libg_nano.a(lib_a-nano-mallocr.o)
                0x08004564                _malloc_r
 .text._realloc_r
                0x08004618       0x4c d:/imt/imt tools/sdk/imt_sdk_win_64/winarm/armgcc/bin/../lib/gcc/arm-none-eabi/7.2.1/../../../../arm-none-eabi/lib/thumb/v7e-m\libg_nano.a(lib_a-nano-reallocr.o)
                0x08004618                _realloc_r
 .text._sbrk_r  0x08004664       0x20 d:/imt/imt tools/sdk/imt_sdk_win_64/winarm/armgcc/bin/../lib/gcc/arm-none-eabi/7.2.1/../../../../arm-none-eabi/lib/thumb/v7e-m\libg_nano.a(lib_a-sbrkr.o)
                0x08004664                _sbrk_r
 .text.__malloc_lock
                0x08004684        0x2 d:/imt/imt tools/sdk/imt_sdk_win_64/winarm/armgcc/bin/../lib/gcc/arm-none-eabi/7.2.1/../../../../arm-none-eabi/lib/thumb/v7e-m\libg_nano.a(lib_a-mlock.o)
                0x08004684                __malloc_lock
 .text.__malloc_unlock
                0x08004686        0x2 d:/imt/imt tools/sdk/imt_sdk_win_64/winarm/armgcc/bin/../lib/gcc/arm-none-eabi/7.2.1/../../../../arm-none-eabi/lib/thumb/v7e-m\libg_nano.a(lib_a-mlock.o)
                0x08004686                __malloc_unlock
 .text._malloc_usable_size_r
                0x08004688       0x10 d:/imt/imt tools/sdk/imt_sdk_win_64/winarm/armgcc/bin/../lib/gcc/arm-none-eabi/7.2.1/../../../../arm-none-eabi/lib/thumb/v7e-m\libg_nano.a(lib_a-nano-msizer.o)
                0x08004688                _malloc_usable_size_r
 *(.rodata .rodata.* .constdata .constdata.*)
 .rodata.dumpExceptionStack.str1.4
                0x08004698      0x11a ./system/src/cortexm/exception_handlers.o
 *fill*         0x080047b2        0x2 
 .rodata.str1.4
                0x080047b4       0x2c ./system/src/cortexm/exception_handlers.o
                                 0x2a (size before relaxing)
 .rodata        0x080047e0        0xe ./src/HAL/DC_Moror/DCM_prg.o
 .rodata._svfprintf_r.str1.1
                0x080047ee       0x11 d:/imt/imt tools/sdk/imt_sdk_win_64/winarm/armgcc/bin/../lib/gcc/arm-none-eabi/7.2.1/../../../../arm-none-eabi/lib/thumb/v7e-m\libg_nano.a(lib_a-nano-svfprintf.o)
 .rodata._printf_i.str1.1
                0x080047ff       0x22 d:/imt/imt tools/sdk/imt_sdk_win_64/winarm/armgcc/bin/../lib/gcc/arm-none-eabi/7.2.1/../../../../arm-none-eabi/lib/thumb/v7e-m\libg_nano.a(lib_a-nano-vfprintf_i.o)
 *(vtable)
 *(.eh_frame*)
 *(.glue_7)
 .glue_7        0x08004821        0x0 linker stubs
 *(.glue_7t)
 .glue_7t       0x08004821        0x0 linker stubs

.vfp11_veneer   0x08004824        0x0
 .vfp11_veneer  0x08004824        0x0 linker stubs

.v4_bx          0x08004824        0x0
 .v4_bx         0x08004824        0x0 linker stubs

.iplt           0x08004824        0x0
 .iplt          0x08004824        0x0 ./system/src/newlib/_exit.o

.rel.dyn        0x08004824        0x0
 .rel.iplt      0x08004824        0x0 ./system/src/newlib/_exit.o

.ARM.extab
 *(.ARM.extab* .gnu.linkonce.armextab.*)
                0x08004824                . = ALIGN (0x4)
                0x08004824                __exidx_start = .

.ARM.exidx
 *(.ARM.exidx* .gnu.linkonce.armexidx.*)
                0x08004824                __exidx_end = .
                0x08004824                . = ALIGN (0x4)
                0x08004824                _etext = .
                0x08004824                __etext = .

.data_CCMRAM    0x10000000        0x0 load address 0x08004824
 FILL mask 0xff
 *(.data.CCMRAM .data.CCMRAM.*)
                0x10000000                . = ALIGN (0x4)
                0x08004824                _sidata = LOADADDR (.data)

.data           0x20000000      0x134 load address 0x08004824
 FILL mask 0xff
                0x20000000                _sdata = .
                0x20000000                __data_start__ = .
 *(.data_begin .data_begin.*)
 .data_begin    0x20000000        0x4 ./system/src/newlib/_startup.o
 *(.data .data.*)
 .data.argv.4310
                0x20000004        0x8 ./system/src/newlib/_syscalls.o
 .data.USART1_cfg_struct
                0x2000000c        0xa ./src/MCAL/USART/USART.cfg.o
                0x2000000c                USART1_cfg_struct
 *fill*         0x20000016        0x2 ff
 .data.USART6_cfg_struct
                0x20000018        0xa ./src/MCAL/USART/USART.cfg.o
                0x20000018                USART6_cfg_struct
 *fill*         0x20000022        0x2 ff
 .data.I2C1_Cf  0x20000024        0x5 ./src/MCAL/I2C/I2C_cfg.o
                0x20000024                I2C1_Cf
 *fill*         0x20000029        0x3 ff
 .data.Water_Sensor
                0x2000002c        0x1 ./src/HAL/water_sensor/water_sensor_config.o
                0x2000002c                Water_Sensor
 *fill*         0x2000002d        0x3 ff
 .data.Timer1   0x20000030       0x14 ./src/HAL/ULTRASONIC/ULTRASONIC.o
                0x20000030                Timer1
 .data.Timer2   0x20000044       0x14 ./src/HAL/ULTRASONIC/ULTRASONIC.o
                0x20000044                Timer2
 .data.Timer3   0x20000058       0x14 ./src/HAL/ULTRASONIC/ULTRASONIC.o
                0x20000058                Timer3
 .data.Timer5   0x2000006c       0x14 ./src/HAL/ULTRASONIC/ULTRASONIC.o
                0x2000006c                Timer5
 .data.Timer9   0x20000080       0x14 ./src/HAL/ULTRASONIC/ULTRASONIC.o
                0x20000080                Timer9
 .data.UltraSonic_B_Right_Cfg
                0x20000094        0x9 ./src/HAL/ULTRASONIC/ULTRASONIC_cfg.o
                0x20000094                UltraSonic_B_Right_Cfg
 *fill*         0x2000009d        0x3 ff
 .data.UltraSonic_F_Cfg
                0x200000a0        0x9 ./src/HAL/ULTRASONIC/ULTRASONIC_cfg.o
                0x200000a0                UltraSonic_F_Cfg
 *fill*         0x200000a9        0x3 ff
 .data.UltraSonic_F_Left_Cfg
                0x200000ac        0x9 ./src/HAL/ULTRASONIC/ULTRASONIC_cfg.o
                0x200000ac                UltraSonic_F_Left_Cfg
 *fill*         0x200000b5        0x3 ff
 .data.UltraSonic_F_Right_Cfg
                0x200000b8        0x9 ./src/HAL/ULTRASONIC/ULTRASONIC_cfg.o
                0x200000b8                UltraSonic_F_Right_Cfg
 *fill*         0x200000c1        0x3 ff
 .data.DCM_cfg  0x200000c4        0x6 ./src/HAL/DC_Moror/DCM_prg.o
                0x200000c4                DCM_cfg
 *fill*         0x200000ca        0x2 ff
 .data._impure_ptr
                0x200000cc        0x4 d:/imt/imt tools/sdk/imt_sdk_win_64/winarm/armgcc/bin/../lib/gcc/arm-none-eabi/7.2.1/../../../../arm-none-eabi/lib/thumb/v7e-m\libg_nano.a(lib_a-impure.o)
                0x200000cc                _impure_ptr
 .data.impure_data
                0x200000d0       0x60 d:/imt/imt tools/sdk/imt_sdk_win_64/winarm/armgcc/bin/../lib/gcc/arm-none-eabi/7.2.1/../../../../arm-none-eabi/lib/thumb/v7e-m\libg_nano.a(lib_a-impure.o)
 *(.data_end .data_end.*)
 .data_end      0x20000130        0x4 ./system/src/newlib/_startup.o
                0x20000134                . = ALIGN (0x4)
                0x20000134                _edata = .
                0x20000134                __data_end__ = .

.igot.plt       0x20000134        0x0 load address 0x08004958
 .igot.plt      0x20000134        0x0 ./system/src/newlib/_exit.o

.bss_CCMRAM     0x10000000        0x0
 *(.bss.CCMRAM .bss.CCMRAM.*)

.bss            0x20000138      0x29c
                0x20000138                __bss_start__ = .
                0x20000138                _sbss = .
 *(.bss_begin .bss_begin.*)
 .bss_begin     0x20000138        0x4 ./system/src/newlib/_startup.o
 *(.bss .bss.*)
 .bss.current_heap_end.3961
                0x2000013c        0x4 ./system/src/newlib/_sbrk.o
 .bss.name.4309
                0x20000140        0x1 ./system/src/newlib/_syscalls.o
 *fill*         0x20000141        0x3 
 .bss.buf.5205  0x20000144       0x80 ./system/src/diag/Trace.o
 .bss.SystemTasks
                0x200001c4       0xa0 ./src/RTOS/RTOS_prg.o
                0x200001c4                SystemTasks
 .bss.USART1_CBFun_notifi
                0x20000264        0x4 ./src/MCAL/USART/USART_prog.o
                0x20000264                USART1_CBFun_notifi
 .bss.USART2_CBFun_notifi
                0x20000268        0x4 ./src/MCAL/USART/USART_prog.o
                0x20000268                USART2_CBFun_notifi
 .bss.USART6_CBFun_notifi
                0x2000026c        0x4 ./src/MCAL/USART/USART_prog.o
                0x2000026c                USART6_CBFun_notifi
 .bss.TIMER_Call_Back
                0x20000270       0x18 ./src/MCAL/TIMER/TIMER_prg.o
 .bss.call_back
                0x20000288        0x4 ./src/MCAL/SYSTICK/SYSTICK_prg.o
 .bss.flag_interval
                0x2000028c        0x1 ./src/MCAL/SYSTICK/SYSTICK_prg.o
 *fill*         0x2000028d        0x3 
 .bss.EXT_INTERRUPT_CB
                0x20000290       0x1c ./src/MCAL/EXTI/EX_INT_prg.o
 .bss.ADC_CB_FUN
                0x200002ac        0x4 ./src/MCAL/ADC/ADC_prog.o
                0x200002ac                ADC_CB_FUN
 .bss.sg_au8_WSstate
                0x200002b0        0x1 ./src/HAL/water_sensor/water_sensor.o
 *fill*         0x200002b1        0x3 
 .bss.Counter_Value
                0x200002b4       0x28 ./src/HAL/ULTRASONIC/ULTRASONIC.o
                0x200002b4                Counter_Value
 .bss.state.3828
                0x200002dc        0x1 ./src/HAL/ULTRASONIC/ULTRASONIC.o
 .bss.state.3836
                0x200002dd        0x1 ./src/HAL/ULTRASONIC/ULTRASONIC.o
 .bss.state.3844
                0x200002de        0x1 ./src/HAL/ULTRASONIC/ULTRASONIC.o
 .bss.state.3860
                0x200002df        0x1 ./src/HAL/ULTRASONIC/ULTRASONIC.o
 .bss.state.3868
                0x200002e0        0x1 ./src/HAL/ULTRASONIC/ULTRASONIC.o
 .bss.Car_RollOver_state
                0x200002e1        0x1 ./src/APP/APP.o
                0x200002e1                Car_RollOver_state
 .bss.G_u8RasspDummyData
                0x200002e2        0x1 ./src/APP/APP.o
                0x200002e2                G_u8RasspDummyData
 .bss.toggle.4302
                0x200002e3        0x1 ./src/APP/APP.o
 .bss.toggle.4306
                0x200002e4        0x1 ./src/APP/APP.o
 .bss.toggle.4325
                0x200002e5        0x1 ./src/APP/APP.o
 *fill*         0x200002e6        0x2 
 .bss.__malloc_free_list
                0x200002e8        0x4 d:/imt/imt tools/sdk/imt_sdk_win_64/winarm/armgcc/bin/../lib/gcc/arm-none-eabi/7.2.1/../../../../arm-none-eabi/lib/thumb/v7e-m\libg_nano.a(lib_a-nano-mallocr.o)
                0x200002e8                __malloc_free_list
 .bss.__malloc_sbrk_start
                0x200002ec        0x4 d:/imt/imt tools/sdk/imt_sdk_win_64/winarm/armgcc/bin/../lib/gcc/arm-none-eabi/7.2.1/../../../../arm-none-eabi/lib/thumb/v7e-m\libg_nano.a(lib_a-nano-mallocr.o)
                0x200002ec                __malloc_sbrk_start
 *(COMMON)
 COMMON         0x200002f0        0x4 ./system/src/newlib/_syscalls.o
                0x200002f0                errno
 COMMON         0x200002f4       0x50 ./src/RTOS/RTOS_prg.o
                0x200002f4                TaskTiming
 COMMON         0x20000344        0x8 ./src/HAL/water_sensor/water_sensor.o
                0x20000344                ADC_Channel_Cpy_Error
                0x20000348                sg_s32Sensor_Read
 *fill*         0x2000034c        0x4 
 COMMON         0x20000350       0x80 ./src/APP/APP.o
                0x20000350                MPU_Data_St
                0x200003b0                G_u32SpeedIndicator
                0x200003b1                G_u8CameraDetection
                0x200003b4                Water_Sensor_Value
                0x200003b8                Dummy_Car_Data
                0x200003bb                G_u8BluetoothOrder
                0x200003bc                UltraSonic_Dista_ARR
 *(.bss_end .bss_end.*)
 .bss_end       0x200003d0        0x4 ./system/src/newlib/_startup.o
                0x200003d4                . = ALIGN (0x4)
                0x200003d4                __bss_end__ = .
                0x200003d4                _ebss = .

.noinit_CCMRAM
 *(.noinit.CCMRAM .noinit.CCMRAM.*)

.noinit         0x200003d4        0x0
                0x200003d4                _noinit = .
 *(.noinit .noinit.*)
                0x200003d4                . = ALIGN (0x4)
                0x200003d4                _end_noinit = .
                [!provide]                PROVIDE (end, _end_noinit)
                [!provide]                PROVIDE (_end, _end_noinit)
                [!provide]                PROVIDE (__end, _end_noinit)
                [!provide]                PROVIDE (__end__, _end_noinit)

._check_stack   0x200003d4      0x100
                0x200004d4                . = (. + _Minimum_Stack_Size)
 *fill*         0x200003d4      0x100 

.b1text
 *(.b1text)
 *(.b1rodata)
 *(.b1rodata.*)

.eb0text
 *(.eb0text)
 *(.eb0rodata)
 *(.eb0rodata.*)

.eb1text
 *(.eb1text)
 *(.eb1rodata)
 *(.eb1rodata.*)

.eb2text
 *(.eb2text)
 *(.eb2rodata)
 *(.eb2rodata.*)

.eb3text
 *(.eb3text)
 *(.eb3rodata)
 *(.eb3rodata.*)

.stab
 *(.stab)

.stabstr
 *(.stabstr)

.stab.excl
 *(.stab.excl)

.stab.exclstr
 *(.stab.exclstr)

.stab.index
 *(.stab.index)

.stab.indexstr
 *(.stab.indexstr)

.comment        0x00000000       0x7e
 *(.comment)
 .comment       0x00000000       0x7e ./system/src/newlib/_exit.o
                                 0x7f (size before relaxing)
 .comment       0x0000007e       0x7f ./system/src/newlib/_sbrk.o
 .comment       0x0000007e       0x7f ./system/src/newlib/_startup.o
 .comment       0x0000007e       0x7f ./system/src/newlib/_syscalls.o
 .comment       0x0000007e       0x7f ./system/src/diag/Trace.o
 .comment       0x0000007e       0x7f ./system/src/diag/trace_impl.o
 .comment       0x0000007e       0x7f ./system/src/cortexm/_initialize_hardware.o
 .comment       0x0000007e       0x7f ./system/src/cortexm/exception_handlers.o
 .comment       0x0000007e       0x7f ./system/src/cmsis/system_stm32f4xx.o
 .comment       0x0000007e       0x7f ./system/src/cmsis/vectors_stm32f401xc.o
 .comment       0x0000007e       0x7f ./src/RTOS/RTOS_prg.o
 .comment       0x0000007e       0x7f ./src/MCAL/USART/USART.cfg.o
 .comment       0x0000007e       0x7f ./src/MCAL/USART/USART_prog.o
 .comment       0x0000007e       0x7f ./src/MCAL/TIMER/TIMER_prg.o
 .comment       0x0000007e       0x7f ./src/MCAL/TIM10_11_PWM/TIM10_11_prg.o
 .comment       0x0000007e       0x7f ./src/MCAL/SYSTICK/SYSTICK_prg.o
 .comment       0x0000007e       0x7f ./src/MCAL/RCC/RCC_prg.o
 .comment       0x0000007e       0x7f ./src/MCAL/NVIC/NVIC_prg.o
 .comment       0x0000007e       0x7f ./src/MCAL/I2C/I2C_cfg.o
 .comment       0x0000007e       0x7f ./src/MCAL/I2C/I2C_prg.o
 .comment       0x0000007e       0x7f ./src/MCAL/GPIO/GPIO_prg.o
 .comment       0x0000007e       0x7f ./src/MCAL/EXTI/EX_INT_prg.o
 .comment       0x0000007e       0x7f ./src/MCAL/ADC/ADC_prog.o
 .comment       0x0000007e       0x7f ./src/HAL/water_sensor/water_sensor.o
 .comment       0x0000007e       0x7f ./src/HAL/water_sensor/water_sensor_config.o
 .comment       0x0000007e       0x7f ./src/HAL/ULTRASONIC/ULTRASONIC.o
 .comment       0x0000007e       0x7f ./src/HAL/ULTRASONIC/ULTRASONIC_cfg.o
 .comment       0x0000007e       0x7f ./src/HAL/MPU/MPU.o
 .comment       0x0000007e       0x7f ./src/HAL/DC_Moror/DCM_prg.o
 .comment       0x0000007e       0x7f ./src/APP/APP.o
 .comment       0x0000007e       0x7f ./src/_initialize_hardware.o
 .comment       0x0000007e       0x7f ./src/main.o

.ARM.attributes
                0x00000000       0x31
 .ARM.attributes
                0x00000000       0x33 ./system/src/newlib/_exit.o
 .ARM.attributes
                0x00000033       0x33 ./system/src/newlib/_sbrk.o
 .ARM.attributes
                0x00000066       0x33 ./system/src/newlib/_startup.o
 .ARM.attributes
                0x00000099       0x33 ./system/src/newlib/_syscalls.o
 .ARM.attributes
                0x000000cc       0x33 ./system/src/diag/Trace.o
 .ARM.attributes
                0x000000ff       0x33 ./system/src/diag/trace_impl.o
 .ARM.attributes
                0x00000132       0x33 ./system/src/cortexm/_initialize_hardware.o
 .ARM.attributes
                0x00000165       0x33 ./system/src/cortexm/exception_handlers.o
 .ARM.attributes
                0x00000198       0x33 ./system/src/cmsis/system_stm32f4xx.o
 .ARM.attributes
                0x000001cb       0x33 ./system/src/cmsis/vectors_stm32f401xc.o
 .ARM.attributes
                0x000001fe       0x33 ./src/RTOS/RTOS_prg.o
 .ARM.attributes
                0x00000231       0x33 ./src/MCAL/USART/USART.cfg.o
 .ARM.attributes
                0x00000264       0x33 ./src/MCAL/USART/USART_prog.o
 .ARM.attributes
                0x00000297       0x33 ./src/MCAL/TIMER/TIMER_prg.o
 .ARM.attributes
                0x000002ca       0x33 ./src/MCAL/TIM10_11_PWM/TIM10_11_prg.o
 .ARM.attributes
                0x000002fd       0x33 ./src/MCAL/SYSTICK/SYSTICK_prg.o
 .ARM.attributes
                0x00000330       0x33 ./src/MCAL/RCC/RCC_prg.o
 .ARM.attributes
                0x00000363       0x33 ./src/MCAL/NVIC/NVIC_prg.o
 .ARM.attributes
                0x00000396       0x33 ./src/MCAL/I2C/I2C_cfg.o
 .ARM.attributes
                0x000003c9       0x33 ./src/MCAL/I2C/I2C_prg.o
 .ARM.attributes
                0x000003fc       0x33 ./src/MCAL/GPIO/GPIO_prg.o
 .ARM.attributes
                0x0000042f       0x33 ./src/MCAL/EXTI/EX_INT_prg.o
 .ARM.attributes
                0x00000462       0x33 ./src/MCAL/ADC/ADC_prog.o
 .ARM.attributes
                0x00000495       0x33 ./src/HAL/water_sensor/water_sensor.o
 .ARM.attributes
                0x000004c8       0x33 ./src/HAL/water_sensor/water_sensor_config.o
 .ARM.attributes
                0x000004fb       0x33 ./src/HAL/ULTRASONIC/ULTRASONIC.o
 .ARM.attributes
                0x0000052e       0x33 ./src/HAL/ULTRASONIC/ULTRASONIC_cfg.o
 .ARM.attributes
                0x00000561       0x33 ./src/HAL/MPU/MPU.o
 .ARM.attributes
                0x00000594       0x33 ./src/HAL/DC_Moror/DCM_prg.o
 .ARM.attributes
                0x000005c7       0x33 ./src/APP/APP.o
 .ARM.attributes
                0x000005fa       0x33 ./src/_initialize_hardware.o
 .ARM.attributes
                0x0000062d       0x33 ./src/main.o
 .ARM.attributes
                0x00000660       0x1e d:/imt/imt tools/sdk/imt_sdk_win_64/winarm/armgcc/bin/../lib/gcc/arm-none-eabi/7.2.1/thumb/v7e-m\libgcc.a(_arm_addsubdf3.o)
 .ARM.attributes
                0x0000067e       0x1e d:/imt/imt tools/sdk/imt_sdk_win_64/winarm/armgcc/bin/../lib/gcc/arm-none-eabi/7.2.1/thumb/v7e-m\libgcc.a(_arm_muldivdf3.o)
 .ARM.attributes
                0x0000069c       0x1e d:/imt/imt tools/sdk/imt_sdk_win_64/winarm/armgcc/bin/../lib/gcc/arm-none-eabi/7.2.1/thumb/v7e-m\libgcc.a(_arm_cmpdf2.o)
 .ARM.attributes
                0x000006ba       0x1e d:/imt/imt tools/sdk/imt_sdk_win_64/winarm/armgcc/bin/../lib/gcc/arm-none-eabi/7.2.1/thumb/v7e-m\libgcc.a(_arm_addsubsf3.o)
 .ARM.attributes
                0x000006d8       0x1e d:/imt/imt tools/sdk/imt_sdk_win_64/winarm/armgcc/bin/../lib/gcc/arm-none-eabi/7.2.1/thumb/v7e-m\libgcc.a(_arm_muldivsf3.o)
 .ARM.attributes
                0x000006f6       0x1e d:/imt/imt tools/sdk/imt_sdk_win_64/winarm/armgcc/bin/../lib/gcc/arm-none-eabi/7.2.1/thumb/v7e-m\libgcc.a(_arm_fixunssfsi.o)
 .ARM.attributes
                0x00000714       0x2e d:/imt/imt tools/sdk/imt_sdk_win_64/winarm/armgcc/bin/../lib/gcc/arm-none-eabi/7.2.1/../../../../arm-none-eabi/lib/thumb/v7e-m\libg_nano.a(lib_a-errno.o)
 .ARM.attributes
                0x00000742       0x2e d:/imt/imt tools/sdk/imt_sdk_win_64/winarm/armgcc/bin/../lib/gcc/arm-none-eabi/7.2.1/../../../../arm-none-eabi/lib/thumb/v7e-m\libg_nano.a(lib_a-impure.o)
 .ARM.attributes
                0x00000770       0x2e d:/imt/imt tools/sdk/imt_sdk_win_64/winarm/armgcc/bin/../lib/gcc/arm-none-eabi/7.2.1/../../../../arm-none-eabi/lib/thumb/v7e-m\libg_nano.a(lib_a-vsnprintf.o)
 .ARM.attributes
                0x0000079e       0x2e d:/imt/imt tools/sdk/imt_sdk_win_64/winarm/armgcc/bin/../lib/gcc/arm-none-eabi/7.2.1/../../../../arm-none-eabi/lib/thumb/v7e-m\libg_nano.a(lib_a-nano-svfprintf.o)
 .ARM.attributes
                0x000007cc       0x2e d:/imt/imt tools/sdk/imt_sdk_win_64/winarm/armgcc/bin/../lib/gcc/arm-none-eabi/7.2.1/../../../../arm-none-eabi/lib/thumb/v7e-m\libg_nano.a(lib_a-nano-vfprintf_i.o)
 .ARM.attributes
                0x000007fa       0x1c d:/imt/imt tools/sdk/imt_sdk_win_64/winarm/armgcc/bin/../lib/gcc/arm-none-eabi/7.2.1/../../../../arm-none-eabi/lib/thumb/v7e-m\libg_nano.a(lib_a-memchr.o)
 .ARM.attributes
                0x00000816       0x2e d:/imt/imt tools/sdk/imt_sdk_win_64/winarm/armgcc/bin/../lib/gcc/arm-none-eabi/7.2.1/../../../../arm-none-eabi/lib/thumb/v7e-m\libg_nano.a(lib_a-memcpy-stub.o)
 .ARM.attributes
                0x00000844       0x2e d:/imt/imt tools/sdk/imt_sdk_win_64/winarm/armgcc/bin/../lib/gcc/arm-none-eabi/7.2.1/../../../../arm-none-eabi/lib/thumb/v7e-m\libg_nano.a(lib_a-memmove.o)
 .ARM.attributes
                0x00000872       0x2e d:/imt/imt tools/sdk/imt_sdk_win_64/winarm/armgcc/bin/../lib/gcc/arm-none-eabi/7.2.1/../../../../arm-none-eabi/lib/thumb/v7e-m\libg_nano.a(lib_a-nano-freer.o)
 .ARM.attributes
                0x000008a0       0x2e d:/imt/imt tools/sdk/imt_sdk_win_64/winarm/armgcc/bin/../lib/gcc/arm-none-eabi/7.2.1/../../../../arm-none-eabi/lib/thumb/v7e-m\libg_nano.a(lib_a-nano-mallocr.o)
 .ARM.attributes
                0x000008ce       0x2e d:/imt/imt tools/sdk/imt_sdk_win_64/winarm/armgcc/bin/../lib/gcc/arm-none-eabi/7.2.1/../../../../arm-none-eabi/lib/thumb/v7e-m\libg_nano.a(lib_a-nano-reallocr.o)
 .ARM.attributes
                0x000008fc       0x2e d:/imt/imt tools/sdk/imt_sdk_win_64/winarm/armgcc/bin/../lib/gcc/arm-none-eabi/7.2.1/../../../../arm-none-eabi/lib/thumb/v7e-m\libg_nano.a(lib_a-sbrkr.o)
 .ARM.attributes
                0x0000092a       0x2e d:/imt/imt tools/sdk/imt_sdk_win_64/winarm/armgcc/bin/../lib/gcc/arm-none-eabi/7.2.1/../../../../arm-none-eabi/lib/thumb/v7e-m\libg_nano.a(lib_a-mlock.o)
 .ARM.attributes
                0x00000958       0x2e d:/imt/imt tools/sdk/imt_sdk_win_64/winarm/armgcc/bin/../lib/gcc/arm-none-eabi/7.2.1/../../../../arm-none-eabi/lib/thumb/v7e-m\libg_nano.a(lib_a-nano-msizer.o)

.debug
 *(.debug)

.line
 *(.line)

.debug_srcinfo
 *(.debug_srcinfo)

.debug_sfnames
 *(.debug_sfnames)

.debug_aranges  0x00000000      0x8f8
 *(.debug_aranges)
 .debug_aranges
                0x00000000       0x28 ./system/src/newlib/_exit.o
 .debug_aranges
                0x00000028       0x20 ./system/src/newlib/_sbrk.o
 .debug_aranges
                0x00000048       0x40 ./system/src/newlib/_startup.o
 .debug_aranges
                0x00000088       0x30 ./system/src/newlib/_syscalls.o
 .debug_aranges
                0x000000b8       0x38 ./system/src/diag/Trace.o
 .debug_aranges
                0x000000f0       0x30 ./system/src/diag/trace_impl.o
 .debug_aranges
                0x00000120       0x28 ./system/src/cortexm/_initialize_hardware.o
 .debug_aranges
                0x00000148       0x90 ./system/src/cortexm/exception_handlers.o
 .debug_aranges
                0x000001d8       0x28 ./system/src/cmsis/system_stm32f4xx.o
 .debug_aranges
                0x00000200       0x20 ./system/src/cmsis/vectors_stm32f401xc.o
 .debug_aranges
                0x00000220       0x50 ./src/RTOS/RTOS_prg.o
 .debug_aranges
                0x00000270       0x18 ./src/MCAL/USART/USART.cfg.o
 .debug_aranges
                0x00000288       0x98 ./src/MCAL/USART/USART_prog.o
 .debug_aranges
                0x00000320       0xa0 ./src/MCAL/TIMER/TIMER_prg.o
 .debug_aranges
                0x000003c0       0x28 ./src/MCAL/TIM10_11_PWM/TIM10_11_prg.o
 .debug_aranges
                0x000003e8       0x90 ./src/MCAL/SYSTICK/SYSTICK_prg.o
 .debug_aranges
                0x00000478       0x30 ./src/MCAL/RCC/RCC_prg.o
 .debug_aranges
                0x000004a8       0x50 ./src/MCAL/NVIC/NVIC_prg.o
 .debug_aranges
                0x000004f8       0x18 ./src/MCAL/I2C/I2C_cfg.o
 .debug_aranges
                0x00000510       0x38 ./src/MCAL/I2C/I2C_prg.o
 .debug_aranges
                0x00000548       0x88 ./src/MCAL/GPIO/GPIO_prg.o
 .debug_aranges
                0x000005d0       0x88 ./src/MCAL/EXTI/EX_INT_prg.o
 .debug_aranges
                0x00000658       0x50 ./src/MCAL/ADC/ADC_prog.o
 .debug_aranges
                0x000006a8       0x48 ./src/HAL/water_sensor/water_sensor.o
 .debug_aranges
                0x000006f0       0x18 ./src/HAL/water_sensor/water_sensor_config.o
 .debug_aranges
                0x00000708       0x78 ./src/HAL/ULTRASONIC/ULTRASONIC.o
 .debug_aranges
                0x00000780       0x18 ./src/HAL/ULTRASONIC/ULTRASONIC_cfg.o
 .debug_aranges
                0x00000798       0x48 ./src/HAL/MPU/MPU.o
 .debug_aranges
                0x000007e0       0x48 ./src/HAL/DC_Moror/DCM_prg.o
 .debug_aranges
                0x00000828       0x90 ./src/APP/APP.o
 .debug_aranges
                0x000008b8       0x20 ./src/_initialize_hardware.o
 .debug_aranges
                0x000008d8       0x20 ./src/main.o

.debug_pubnames
 *(.debug_pubnames)

.debug_info     0x00000000     0xd8fc
 *(.debug_info .gnu.linkonce.wi.*)
 .debug_info    0x00000000      0x956 ./system/src/newlib/_exit.o
 .debug_info    0x00000956      0x942 ./system/src/newlib/_sbrk.o
 .debug_info    0x00001298      0x4bf ./system/src/newlib/_startup.o
 .debug_info    0x00001757      0xa19 ./system/src/newlib/_syscalls.o
 .debug_info    0x00002170      0xb2a ./system/src/diag/Trace.o
 .debug_info    0x00002c9a      0xb6b ./system/src/diag/trace_impl.o
 .debug_info    0x00003805      0xade ./system/src/cortexm/_initialize_hardware.o
 .debug_info    0x000042e3     0x115a ./system/src/cortexm/exception_handlers.o
 .debug_info    0x0000543d      0xcfe ./system/src/cmsis/system_stm32f4xx.o
 .debug_info    0x0000613b       0xca ./system/src/cmsis/vectors_stm32f401xc.o
 .debug_info    0x00006205      0x309 ./src/RTOS/RTOS_prg.o
 .debug_info    0x0000650e      0x221 ./src/MCAL/USART/USART.cfg.o
 .debug_info    0x0000672f      0x94c ./src/MCAL/USART/USART_prog.o
 .debug_info    0x0000707b      0xac1 ./src/MCAL/TIMER/TIMER_prg.o
 .debug_info    0x00007b3c      0x3ac ./src/MCAL/TIM10_11_PWM/TIM10_11_prg.o
 .debug_info    0x00007ee8      0x2d0 ./src/MCAL/SYSTICK/SYSTICK_prg.o
 .debug_info    0x000081b8      0x439 ./src/MCAL/RCC/RCC_prg.o
 .debug_info    0x000085f1      0x4c6 ./src/MCAL/NVIC/NVIC_prg.o
 .debug_info    0x00008ab7       0xf6 ./src/MCAL/I2C/I2C_cfg.o
 .debug_info    0x00008bad      0x912 ./src/MCAL/I2C/I2C_prg.o
 .debug_info    0x000094bf      0x4c4 ./src/MCAL/GPIO/GPIO_prg.o
 .debug_info    0x00009983      0x3f3 ./src/MCAL/EXTI/EX_INT_prg.o
 .debug_info    0x00009d76      0x61f ./src/MCAL/ADC/ADC_prog.o
 .debug_info    0x0000a395      0x2bd ./src/HAL/water_sensor/water_sensor.o
 .debug_info    0x0000a652       0xa4 ./src/HAL/water_sensor/water_sensor_config.o
 .debug_info    0x0000a6f6      0xc76 ./src/HAL/ULTRASONIC/ULTRASONIC.o
 .debug_info    0x0000b36c      0x178 ./src/HAL/ULTRASONIC/ULTRASONIC_cfg.o
 .debug_info    0x0000b4e4      0x8a0 ./src/HAL/MPU/MPU.o
 .debug_info    0x0000bd84      0x7d0 ./src/HAL/DC_Moror/DCM_prg.o
 .debug_info    0x0000c554      0xfac ./src/APP/APP.o
 .debug_info    0x0000d500       0x3b ./src/_initialize_hardware.o
 .debug_info    0x0000d53b      0x3c1 ./src/main.o

.debug_abbrev   0x00000000     0x2cc4
 *(.debug_abbrev)
 .debug_abbrev  0x00000000      0x1f3 ./system/src/newlib/_exit.o
 .debug_abbrev  0x000001f3      0x1fc ./system/src/newlib/_sbrk.o
 .debug_abbrev  0x000003ef      0x1cb ./system/src/newlib/_startup.o
 .debug_abbrev  0x000005ba      0x234 ./system/src/newlib/_syscalls.o
 .debug_abbrev  0x000007ee      0x276 ./system/src/diag/Trace.o
 .debug_abbrev  0x00000a64      0x2ef ./system/src/diag/trace_impl.o
 .debug_abbrev  0x00000d53      0x1de ./system/src/cortexm/_initialize_hardware.o
 .debug_abbrev  0x00000f31      0x32b ./system/src/cortexm/exception_handlers.o
 .debug_abbrev  0x0000125c      0x216 ./system/src/cmsis/system_stm32f4xx.o
 .debug_abbrev  0x00001472       0x9d ./system/src/cmsis/vectors_stm32f401xc.o
 .debug_abbrev  0x0000150f      0x159 ./src/RTOS/RTOS_prg.o
 .debug_abbrev  0x00001668       0x84 ./src/MCAL/USART/USART.cfg.o
 .debug_abbrev  0x000016ec      0x1e1 ./src/MCAL/USART/USART_prog.o
 .debug_abbrev  0x000018cd      0x1a9 ./src/MCAL/TIMER/TIMER_prg.o
 .debug_abbrev  0x00001a76       0xed ./src/MCAL/TIM10_11_PWM/TIM10_11_prg.o
 .debug_abbrev  0x00001b63      0x15b ./src/MCAL/SYSTICK/SYSTICK_prg.o
 .debug_abbrev  0x00001cbe       0xbe ./src/MCAL/RCC/RCC_prg.o
 .debug_abbrev  0x00001d7c      0x13e ./src/MCAL/NVIC/NVIC_prg.o
 .debug_abbrev  0x00001eba       0x58 ./src/MCAL/I2C/I2C_cfg.o
 .debug_abbrev  0x00001f12      0x120 ./src/MCAL/I2C/I2C_prg.o
 .debug_abbrev  0x00002032      0x116 ./src/MCAL/GPIO/GPIO_prg.o
 .debug_abbrev  0x00002148      0x148 ./src/MCAL/EXTI/EX_INT_prg.o
 .debug_abbrev  0x00002290      0x183 ./src/MCAL/ADC/ADC_prog.o
 .debug_abbrev  0x00002413      0x155 ./src/HAL/water_sensor/water_sensor.o
 .debug_abbrev  0x00002568       0x58 ./src/HAL/water_sensor/water_sensor_config.o
 .debug_abbrev  0x000025c0      0x19e ./src/HAL/ULTRASONIC/ULTRASONIC.o
 .debug_abbrev  0x0000275e       0x84 ./src/HAL/ULTRASONIC/ULTRASONIC_cfg.o
 .debug_abbrev  0x000027e2      0x148 ./src/HAL/MPU/MPU.o
 .debug_abbrev  0x0000292a       0xf5 ./src/HAL/DC_Moror/DCM_prg.o
 .debug_abbrev  0x00002a1f      0x17e ./src/APP/APP.o
 .debug_abbrev  0x00002b9d       0x2f ./src/_initialize_hardware.o
 .debug_abbrev  0x00002bcc       0xf8 ./src/main.o

.debug_line     0x00000000     0x6c66
 *(.debug_line)
 .debug_line    0x00000000      0x33f ./system/src/newlib/_exit.o
 .debug_line    0x0000033f      0x2f3 ./system/src/newlib/_sbrk.o
 .debug_line    0x00000632      0x3bb ./system/src/newlib/_startup.o
 .debug_line    0x000009ed      0x405 ./system/src/newlib/_syscalls.o
 .debug_line    0x00000df2      0x3bb ./system/src/diag/Trace.o
 .debug_line    0x000011ad      0xaaf ./system/src/diag/trace_impl.o
 .debug_line    0x00001c5c      0xa18 ./system/src/cortexm/_initialize_hardware.o
 .debug_line    0x00002674      0xb66 ./system/src/cortexm/exception_handlers.o
 .debug_line    0x000031da      0xa1e ./system/src/cmsis/system_stm32f4xx.o
 .debug_line    0x00003bf8       0xfe ./system/src/cmsis/vectors_stm32f401xc.o
 .debug_line    0x00003cf6      0x177 ./src/RTOS/RTOS_prg.o
 .debug_line    0x00003e6d       0xdf ./src/MCAL/USART/USART.cfg.o
 .debug_line    0x00003f4c      0x2de ./src/MCAL/USART/USART_prog.o
 .debug_line    0x0000422a      0x51f ./src/MCAL/TIMER/TIMER_prg.o
 .debug_line    0x00004749      0x1e3 ./src/MCAL/TIM10_11_PWM/TIM10_11_prg.o
 .debug_line    0x0000492c      0x1ff ./src/MCAL/SYSTICK/SYSTICK_prg.o
 .debug_line    0x00004b2b       0xe8 ./src/MCAL/RCC/RCC_prg.o
 .debug_line    0x00004c13      0x136 ./src/MCAL/NVIC/NVIC_prg.o
 .debug_line    0x00004d49      0x125 ./src/MCAL/I2C/I2C_cfg.o
 .debug_line    0x00004e6e      0x2e6 ./src/MCAL/I2C/I2C_prg.o
 .debug_line    0x00005154      0x274 ./src/MCAL/GPIO/GPIO_prg.o
 .debug_line    0x000053c8      0x238 ./src/MCAL/EXTI/EX_INT_prg.o
 .debug_line    0x00005600      0x1e1 ./src/MCAL/ADC/ADC_prog.o
 .debug_line    0x000057e1      0x1bb ./src/HAL/water_sensor/water_sensor.o
 .debug_line    0x0000599c       0x91 ./src/HAL/water_sensor/water_sensor_config.o
 .debug_line    0x00005a2d      0x2f5 ./src/HAL/ULTRASONIC/ULTRASONIC.o
 .debug_line    0x00005d22       0xc1 ./src/HAL/ULTRASONIC/ULTRASONIC_cfg.o
 .debug_line    0x00005de3      0x268 ./src/HAL/MPU/MPU.o
 .debug_line    0x0000604b      0x1fe ./src/HAL/DC_Moror/DCM_prg.o
 .debug_line    0x00006249      0x59b ./src/APP/APP.o
 .debug_line    0x000067e4       0x4c ./src/_initialize_hardware.o
 .debug_line    0x00006830      0x436 ./src/main.o

.debug_frame    0x00000000     0x178c
 *(.debug_frame)
 .debug_frame   0x00000000       0x38 ./system/src/newlib/_exit.o
 .debug_frame   0x00000038       0x28 ./system/src/newlib/_sbrk.o
 .debug_frame   0x00000060       0x7c ./system/src/newlib/_startup.o
 .debug_frame   0x000000dc       0x50 ./system/src/newlib/_syscalls.o
 .debug_frame   0x0000012c       0x94 ./system/src/diag/Trace.o
 .debug_frame   0x000001c0       0x64 ./system/src/diag/trace_impl.o
 .debug_frame   0x00000224       0x40 ./system/src/cortexm/_initialize_hardware.o
 .debug_frame   0x00000264      0x158 ./system/src/cortexm/exception_handlers.o
 .debug_frame   0x000003bc       0x30 ./system/src/cmsis/system_stm32f4xx.o
 .debug_frame   0x000003ec       0x20 ./system/src/cmsis/vectors_stm32f401xc.o
 .debug_frame   0x0000040c       0xa4 ./src/RTOS/RTOS_prg.o
 .debug_frame   0x000004b0      0x144 ./src/MCAL/USART/USART_prog.o
 .debug_frame   0x000005f4      0x164 ./src/MCAL/TIMER/TIMER_prg.o
 .debug_frame   0x00000758       0x3c ./src/MCAL/TIM10_11_PWM/TIM10_11_prg.o
 .debug_frame   0x00000794      0x108 ./src/MCAL/SYSTICK/SYSTICK_prg.o
 .debug_frame   0x0000089c       0x40 ./src/MCAL/RCC/RCC_prg.o
 .debug_frame   0x000008dc       0xb0 ./src/MCAL/NVIC/NVIC_prg.o
 .debug_frame   0x0000098c       0x7c ./src/MCAL/I2C/I2C_prg.o
 .debug_frame   0x00000a08      0x168 ./src/MCAL/GPIO/GPIO_prg.o
 .debug_frame   0x00000b70      0x140 ./src/MCAL/EXTI/EX_INT_prg.o
 .debug_frame   0x00000cb0       0x9c ./src/MCAL/ADC/ADC_prog.o
 .debug_frame   0x00000d4c       0x98 ./src/HAL/water_sensor/water_sensor.o
 .debug_frame   0x00000de4      0x12c ./src/HAL/ULTRASONIC/ULTRASONIC.o
 .debug_frame   0x00000f10       0xc4 ./src/HAL/MPU/MPU.o
 .debug_frame   0x00000fd4       0xbc ./src/HAL/DC_Moror/DCM_prg.o
 .debug_frame   0x00001090      0x184 ./src/APP/APP.o
 .debug_frame   0x00001214       0x20 ./src/_initialize_hardware.o
 .debug_frame   0x00001234       0x28 ./src/main.o
 .debug_frame   0x0000125c       0xac d:/imt/imt tools/sdk/imt_sdk_win_64/winarm/armgcc/bin/../lib/gcc/arm-none-eabi/7.2.1/thumb/v7e-m\libgcc.a(_arm_addsubdf3.o)
 .debug_frame   0x00001308       0x50 d:/imt/imt tools/sdk/imt_sdk_win_64/winarm/armgcc/bin/../lib/gcc/arm-none-eabi/7.2.1/thumb/v7e-m\libgcc.a(_arm_muldivdf3.o)
 .debug_frame   0x00001358       0xc4 d:/imt/imt tools/sdk/imt_sdk_win_64/winarm/armgcc/bin/../lib/gcc/arm-none-eabi/7.2.1/thumb/v7e-m\libgcc.a(_arm_cmpdf2.o)
 .debug_frame   0x0000141c       0x4c d:/imt/imt tools/sdk/imt_sdk_win_64/winarm/armgcc/bin/../lib/gcc/arm-none-eabi/7.2.1/thumb/v7e-m\libgcc.a(_arm_addsubsf3.o)
 .debug_frame   0x00001468       0x38 d:/imt/imt tools/sdk/imt_sdk_win_64/winarm/armgcc/bin/../lib/gcc/arm-none-eabi/7.2.1/thumb/v7e-m\libgcc.a(_arm_muldivsf3.o)
 .debug_frame   0x000014a0       0x24 d:/imt/imt tools/sdk/imt_sdk_win_64/winarm/armgcc/bin/../lib/gcc/arm-none-eabi/7.2.1/thumb/v7e-m\libgcc.a(_arm_fixunssfsi.o)
 .debug_frame   0x000014c4       0x20 d:/imt/imt tools/sdk/imt_sdk_win_64/winarm/armgcc/bin/../lib/gcc/arm-none-eabi/7.2.1/../../../../arm-none-eabi/lib/thumb/v7e-m\libg_nano.a(lib_a-errno.o)
 .debug_frame   0x000014e4       0x4c d:/imt/imt tools/sdk/imt_sdk_win_64/winarm/armgcc/bin/../lib/gcc/arm-none-eabi/7.2.1/../../../../arm-none-eabi/lib/thumb/v7e-m\libg_nano.a(lib_a-vsnprintf.o)
 .debug_frame   0x00001530       0x90 d:/imt/imt tools/sdk/imt_sdk_win_64/winarm/armgcc/bin/../lib/gcc/arm-none-eabi/7.2.1/../../../../arm-none-eabi/lib/thumb/v7e-m\libg_nano.a(lib_a-nano-svfprintf.o)
 .debug_frame   0x000015c0       0x60 d:/imt/imt tools/sdk/imt_sdk_win_64/winarm/armgcc/bin/../lib/gcc/arm-none-eabi/7.2.1/../../../../arm-none-eabi/lib/thumb/v7e-m\libg_nano.a(lib_a-nano-vfprintf_i.o)
 .debug_frame   0x00001620       0x28 d:/imt/imt tools/sdk/imt_sdk_win_64/winarm/armgcc/bin/../lib/gcc/arm-none-eabi/7.2.1/../../../../arm-none-eabi/lib/thumb/v7e-m\libg_nano.a(lib_a-memcpy-stub.o)
 .debug_frame   0x00001648       0x28 d:/imt/imt tools/sdk/imt_sdk_win_64/winarm/armgcc/bin/../lib/gcc/arm-none-eabi/7.2.1/../../../../arm-none-eabi/lib/thumb/v7e-m\libg_nano.a(lib_a-memmove.o)
 .debug_frame   0x00001670       0x38 d:/imt/imt tools/sdk/imt_sdk_win_64/winarm/armgcc/bin/../lib/gcc/arm-none-eabi/7.2.1/../../../../arm-none-eabi/lib/thumb/v7e-m\libg_nano.a(lib_a-nano-freer.o)
 .debug_frame   0x000016a8       0x2c d:/imt/imt tools/sdk/imt_sdk_win_64/winarm/armgcc/bin/../lib/gcc/arm-none-eabi/7.2.1/../../../../arm-none-eabi/lib/thumb/v7e-m\libg_nano.a(lib_a-nano-mallocr.o)
 .debug_frame   0x000016d4       0x3c d:/imt/imt tools/sdk/imt_sdk_win_64/winarm/armgcc/bin/../lib/gcc/arm-none-eabi/7.2.1/../../../../arm-none-eabi/lib/thumb/v7e-m\libg_nano.a(lib_a-nano-reallocr.o)
 .debug_frame   0x00001710       0x2c d:/imt/imt tools/sdk/imt_sdk_win_64/winarm/armgcc/bin/../lib/gcc/arm-none-eabi/7.2.1/../../../../arm-none-eabi/lib/thumb/v7e-m\libg_nano.a(lib_a-sbrkr.o)
 .debug_frame   0x0000173c       0x30 d:/imt/imt tools/sdk/imt_sdk_win_64/winarm/armgcc/bin/../lib/gcc/arm-none-eabi/7.2.1/../../../../arm-none-eabi/lib/thumb/v7e-m\libg_nano.a(lib_a-mlock.o)
 .debug_frame   0x0000176c       0x20 d:/imt/imt tools/sdk/imt_sdk_win_64/winarm/armgcc/bin/../lib/gcc/arm-none-eabi/7.2.1/../../../../arm-none-eabi/lib/thumb/v7e-m\libg_nano.a(lib_a-nano-msizer.o)

.debug_str      0x00000000    0x774bd
 *(.debug_str)
 .debug_str     0x00000000     0x7d0f ./system/src/newlib/_exit.o
                               0x7ee2 (size before relaxing)
 .debug_str     0x00007d0f      0x4f5 ./system/src/newlib/_sbrk.o
                               0x7294 (size before relaxing)
 .debug_str     0x00008204      0xc23 ./system/src/newlib/_startup.o
                               0x6a35 (size before relaxing)
 .debug_str     0x00008e27      0xe8b ./system/src/newlib/_syscalls.o
                               0x816f (size before relaxing)
 .debug_str     0x00009cb2      0x826 ./system/src/diag/Trace.o
                               0x865a (size before relaxing)
 .debug_str     0x0000a4d8    0x67a2e ./system/src/diag/trace_impl.o
                              0x70980 (size before relaxing)
 .debug_str     0x00071f06       0xc4 ./system/src/cortexm/_initialize_hardware.o
                              0x6f712 (size before relaxing)
 .debug_str     0x00071fca      0x1a6 ./system/src/cortexm/exception_handlers.o
                              0x70b0a (size before relaxing)
 .debug_str     0x00072170      0x164 ./system/src/cmsis/system_stm32f4xx.o
                              0x6f7f3 (size before relaxing)
 .debug_str     0x000722d4       0x59 ./system/src/cmsis/vectors_stm32f401xc.o
                               0x3872 (size before relaxing)
 .debug_str     0x0007232d      0x4a8 ./src/RTOS/RTOS_prg.o
                               0x3269 (size before relaxing)
 .debug_str     0x000727d5      0x4c5 ./src/MCAL/USART/USART.cfg.o
                               0x32e7 (size before relaxing)
 .debug_str     0x00072c9a     0x1008 ./src/MCAL/USART/USART_prog.o
                               0x44f5 (size before relaxing)
 .debug_str     0x00073ca2      0x693 ./src/MCAL/TIMER/TIMER_prg.o
                               0x3bf4 (size before relaxing)
 .debug_str     0x00074335      0x651 ./src/MCAL/TIM10_11_PWM/TIM10_11_prg.o
                               0x398f (size before relaxing)
 .debug_str     0x00074986      0x290 ./src/MCAL/SYSTICK/SYSTICK_prg.o
                               0x3340 (size before relaxing)
 .debug_str     0x00074c16      0x36c ./src/MCAL/RCC/RCC_prg.o
                               0x34d7 (size before relaxing)
 .debug_str     0x00074f82      0x338 ./src/MCAL/NVIC/NVIC_prg.o
                               0x37a0 (size before relaxing)
 .debug_str     0x000752ba       0xc1 ./src/MCAL/I2C/I2C_cfg.o
                               0x330d (size before relaxing)
 .debug_str     0x0007537b      0x238 ./src/MCAL/I2C/I2C_prg.o
                               0x3a03 (size before relaxing)
 .debug_str     0x000755b3      0x305 ./src/MCAL/GPIO/GPIO_prg.o
                               0x35b4 (size before relaxing)
 .debug_str     0x000758b8      0x3dc ./src/MCAL/EXTI/EX_INT_prg.o
                               0x3441 (size before relaxing)
 .debug_str     0x00075c94      0x799 ./src/MCAL/ADC/ADC_prog.o
                               0x3edd (size before relaxing)
 .debug_str     0x0007642d      0x3ab ./src/HAL/water_sensor/water_sensor.o
                               0x34b8 (size before relaxing)
 .debug_str     0x000767d8       0x3b ./src/HAL/water_sensor/water_sensor_config.o
                               0x2ea9 (size before relaxing)
 .debug_str     0x00076813      0x3a0 ./src/HAL/ULTRASONIC/ULTRASONIC.o
                               0x38a7 (size before relaxing)
 .debug_str     0x00076bb3       0x92 ./src/HAL/ULTRASONIC/ULTRASONIC_cfg.o
                               0x31d4 (size before relaxing)
 .debug_str     0x00076c45      0x2e1 ./src/HAL/MPU/MPU.o
                               0x3608 (size before relaxing)
 .debug_str     0x00076f26      0x18a ./src/HAL/DC_Moror/DCM_prg.o
                               0x36a7 (size before relaxing)
 .debug_str     0x000770b0      0x3e1 ./src/APP/APP.o
                               0x4320 (size before relaxing)
 .debug_str     0x00077491       0x1e ./src/_initialize_hardware.o
                               0x2d50 (size before relaxing)
 .debug_str     0x000774af        0xe ./src/main.o
                               0x3adf (size before relaxing)

.debug_loc      0x00000000     0x3d3a
 *(.debug_loc)
 .debug_loc     0x00000000       0x85 ./system/src/newlib/_sbrk.o
 .debug_loc     0x00000085      0x2cb ./system/src/newlib/_startup.o
 .debug_loc     0x00000350       0x63 ./system/src/newlib/_syscalls.o
 .debug_loc     0x000003b3       0xf6 ./system/src/diag/Trace.o
 .debug_loc     0x000004a9      0x121 ./system/src/diag/trace_impl.o
 .debug_loc     0x000005ca      0x291 ./system/src/cortexm/exception_handlers.o
 .debug_loc     0x0000085b      0x13e ./system/src/cmsis/system_stm32f4xx.o
 .debug_loc     0x00000999      0x27d ./src/RTOS/RTOS_prg.o
 .debug_loc     0x00000c16      0x1a5 ./src/MCAL/USART/USART_prog.o
 .debug_loc     0x00000dbb      0xfbc ./src/MCAL/TIMER/TIMER_prg.o
 .debug_loc     0x00001d77       0x3c ./src/MCAL/TIM10_11_PWM/TIM10_11_prg.o
 .debug_loc     0x00001db3       0x40 ./src/MCAL/SYSTICK/SYSTICK_prg.o
 .debug_loc     0x00001df3      0x1b0 ./src/MCAL/RCC/RCC_prg.o
 .debug_loc     0x00001fa3      0x171 ./src/MCAL/NVIC/NVIC_prg.o
 .debug_loc     0x00002114      0x428 ./src/MCAL/I2C/I2C_prg.o
 .debug_loc     0x0000253c      0xc52 ./src/MCAL/GPIO/GPIO_prg.o
 .debug_loc     0x0000318e      0x16c ./src/MCAL/EXTI/EX_INT_prg.o
 .debug_loc     0x000032fa       0xb9 ./src/MCAL/ADC/ADC_prog.o
 .debug_loc     0x000033b3       0xc9 ./src/HAL/water_sensor/water_sensor.o
 .debug_loc     0x0000347c      0x4c3 ./src/HAL/ULTRASONIC/ULTRASONIC.o
 .debug_loc     0x0000393f      0x377 ./src/HAL/MPU/MPU.o
 .debug_loc     0x00003cb6       0x84 ./src/HAL/DC_Moror/DCM_prg.o

.debug_macinfo
 *(.debug_macinfo)

.debug_weaknames
 *(.debug_weaknames)

.debug_funcnames
 *(.debug_funcnames)

.debug_typenames
 *(.debug_typenames)

.debug_varnames
 *(.debug_varnames)
OUTPUT(Graduation_Project.elf elf32-littlearm)

.debug_ranges   0x00000000      0x768
 .debug_ranges  0x00000000       0x18 ./system/src/newlib/_exit.o
 .debug_ranges  0x00000018       0x10 ./system/src/newlib/_sbrk.o
 .debug_ranges  0x00000028       0x90 ./system/src/newlib/_startup.o
 .debug_ranges  0x000000b8       0x20 ./system/src/newlib/_syscalls.o
 .debug_ranges  0x000000d8       0x28 ./system/src/diag/Trace.o
 .debug_ranges  0x00000100       0x50 ./system/src/diag/trace_impl.o
 .debug_ranges  0x00000150       0x18 ./system/src/cortexm/_initialize_hardware.o
 .debug_ranges  0x00000168       0x80 ./system/src/cortexm/exception_handlers.o
 .debug_ranges  0x000001e8       0x18 ./system/src/cmsis/system_stm32f4xx.o
 .debug_ranges  0x00000200       0x10 ./system/src/cmsis/vectors_stm32f401xc.o
 .debug_ranges  0x00000210       0x40 ./src/RTOS/RTOS_prg.o
 .debug_ranges  0x00000250       0x88 ./src/MCAL/USART/USART_prog.o
 .debug_ranges  0x000002d8       0x90 ./src/MCAL/TIMER/TIMER_prg.o
 .debug_ranges  0x00000368       0x18 ./src/MCAL/TIM10_11_PWM/TIM10_11_prg.o
 .debug_ranges  0x00000380       0x80 ./src/MCAL/SYSTICK/SYSTICK_prg.o
 .debug_ranges  0x00000400       0x20 ./src/MCAL/RCC/RCC_prg.o
 .debug_ranges  0x00000420       0x40 ./src/MCAL/NVIC/NVIC_prg.o
 .debug_ranges  0x00000460       0x28 ./src/MCAL/I2C/I2C_prg.o
 .debug_ranges  0x00000488       0x78 ./src/MCAL/GPIO/GPIO_prg.o
 .debug_ranges  0x00000500       0x78 ./src/MCAL/EXTI/EX_INT_prg.o
 .debug_ranges  0x00000578       0x40 ./src/MCAL/ADC/ADC_prog.o
 .debug_ranges  0x000005b8       0x38 ./src/HAL/water_sensor/water_sensor.o
 .debug_ranges  0x000005f0       0x68 ./src/HAL/ULTRASONIC/ULTRASONIC.o
 .debug_ranges  0x00000658       0x38 ./src/HAL/MPU/MPU.o
 .debug_ranges  0x00000690       0x38 ./src/HAL/DC_Moror/DCM_prg.o
 .debug_ranges  0x000006c8       0x80 ./src/APP/APP.o
 .debug_ranges  0x00000748       0x10 ./src/_initialize_hardware.o
 .debug_ranges  0x00000758       0x10 ./src/main.o

.debug_macro    0x00000000     0x463a
 .debug_macro   0x00000000      0x1b4 ./system/src/newlib/_exit.o
 .debug_macro   0x000001b4      0x10e ./system/src/newlib/_exit.o
 .debug_macro   0x000002c2       0x8d ./system/src/newlib/_exit.o
 .debug_macro   0x0000034f       0x35 ./system/src/newlib/_exit.o
 .debug_macro   0x00000384      0x169 ./system/src/newlib/_sbrk.o
 .debug_macro   0x000004ed      0x174 ./system/src/newlib/_sbrk.o
 .debug_macro   0x00000661       0x10 ./system/src/newlib/_sbrk.o
 .debug_macro   0x00000671      0x23b ./system/src/newlib/_sbrk.o
 .debug_macro   0x000008ac      0x173 ./system/src/newlib/_startup.o
 .debug_macro   0x00000a1f      0xa72 ./system/src/newlib/_startup.o
 .debug_macro   0x00001491      0x217 ./system/src/newlib/_syscalls.o
 .debug_macro   0x000016a8       0x1c ./system/src/newlib/_syscalls.o
 .debug_macro   0x000016c4       0x10 ./system/src/newlib/_syscalls.o
 .debug_macro   0x000016d4       0x10 ./system/src/newlib/_syscalls.o
 .debug_macro   0x000016e4       0x10 ./system/src/newlib/_syscalls.o
 .debug_macro   0x000016f4       0x35 ./system/src/newlib/_syscalls.o
 .debug_macro   0x00001729      0x122 ./system/src/newlib/_syscalls.o
 .debug_macro   0x0000184b       0x88 ./system/src/newlib/_syscalls.o
 .debug_macro   0x000018d3       0x2b ./system/src/newlib/_syscalls.o
 .debug_macro   0x000018fe      0x118 ./system/src/newlib/_syscalls.o
 .debug_macro   0x00001a16      0x189 ./system/src/newlib/_syscalls.o
 .debug_macro   0x00001b9f       0x16 ./system/src/newlib/_syscalls.o
 .debug_macro   0x00001bb5      0x1fb ./system/src/diag/Trace.o
 .debug_macro   0x00001db0       0x4c ./system/src/diag/Trace.o
 .debug_macro   0x00001dfc       0x16 ./system/src/diag/Trace.o
 .debug_macro   0x00001e12      0x52a ./system/src/diag/trace_impl.o
 .debug_macro   0x0000233c       0x22 ./system/src/diag/trace_impl.o
 .debug_macro   0x0000235e      0x4ee ./system/src/cortexm/_initialize_hardware.o
 .debug_macro   0x0000284c      0x557 ./system/src/cortexm/exception_handlers.o
 .debug_macro   0x00002da3       0x3b ./system/src/cortexm/exception_handlers.o
 .debug_macro   0x00002dde      0x4ea ./system/src/cmsis/system_stm32f4xx.o
 .debug_macro   0x000032c8       0x34 ./system/src/cmsis/vectors_stm32f401xc.o
 .debug_macro   0x000032fc       0x4a ./src/RTOS/RTOS_prg.o
 .debug_macro   0x00003346       0x34 ./src/RTOS/RTOS_prg.o
 .debug_macro   0x0000337a       0x46 ./src/RTOS/RTOS_prg.o
 .debug_macro   0x000033c0       0x1c ./src/RTOS/RTOS_prg.o
 .debug_macro   0x000033dc       0x3c ./src/MCAL/USART/USART.cfg.o
 .debug_macro   0x00003418       0xdc ./src/MCAL/USART/USART.cfg.o
 .debug_macro   0x000034f4       0x16 ./src/MCAL/USART/USART.cfg.o
 .debug_macro   0x0000350a       0x65 ./src/MCAL/USART/USART_prog.o
 .debug_macro   0x0000356f       0x28 ./src/MCAL/USART/USART_prog.o
 .debug_macro   0x00003597       0x1c ./src/MCAL/USART/USART_prog.o
 .debug_macro   0x000035b3      0x16b ./src/MCAL/USART/USART_prog.o
 .debug_macro   0x0000371e       0x53 ./src/MCAL/TIMER/TIMER_prg.o
 .debug_macro   0x00003771       0x9a ./src/MCAL/TIMER/TIMER_prg.o
 .debug_macro   0x0000380b       0x52 ./src/MCAL/TIMER/TIMER_prg.o
 .debug_macro   0x0000385d       0x66 ./src/MCAL/TIM10_11_PWM/TIM10_11_prg.o
 .debug_macro   0x000038c3       0x22 ./src/MCAL/TIM10_11_PWM/TIM10_11_prg.o
 .debug_macro   0x000038e5       0xdc ./src/MCAL/TIM10_11_PWM/TIM10_11_prg.o
 .debug_macro   0x000039c1       0x3f ./src/MCAL/SYSTICK/SYSTICK_prg.o
 .debug_macro   0x00003a00       0x1c ./src/MCAL/SYSTICK/SYSTICK_prg.o
 .debug_macro   0x00003a1c       0x2e ./src/MCAL/SYSTICK/SYSTICK_prg.o
 .debug_macro   0x00003a4a       0x3f ./src/MCAL/RCC/RCC_prg.o
 .debug_macro   0x00003a89       0x46 ./src/MCAL/RCC/RCC_prg.o
 .debug_macro   0x00003acf       0x28 ./src/MCAL/RCC/RCC_prg.o
 .debug_macro   0x00003af7       0x3f ./src/MCAL/NVIC/NVIC_prg.o
 .debug_macro   0x00003b36       0x10 ./src/MCAL/NVIC/NVIC_prg.o
 .debug_macro   0x00003b46       0x76 ./src/MCAL/NVIC/NVIC_prg.o
 .debug_macro   0x00003bbc       0x59 ./src/MCAL/I2C/I2C_cfg.o
 .debug_macro   0x00003c15       0x16 ./src/MCAL/I2C/I2C_cfg.o
 .debug_macro   0x00003c2b       0x6c ./src/MCAL/I2C/I2C_prg.o
 .debug_macro   0x00003c97       0x2e ./src/MCAL/I2C/I2C_prg.o
 .debug_macro   0x00003cc5       0x3f ./src/MCAL/GPIO/GPIO_prg.o
 .debug_macro   0x00003d04       0xe2 ./src/MCAL/GPIO/GPIO_prg.o
 .debug_macro   0x00003de6       0x58 ./src/MCAL/GPIO/GPIO_prg.o
 .debug_macro   0x00003e3e       0x44 ./src/MCAL/EXTI/EX_INT_prg.o
 .debug_macro   0x00003e82       0x22 ./src/MCAL/EXTI/EX_INT_prg.o
 .debug_macro   0x00003ea4       0x66 ./src/MCAL/ADC/ADC_prog.o
 .debug_macro   0x00003f0a       0x1c ./src/MCAL/ADC/ADC_prog.o
 .debug_macro   0x00003f26      0x1cf ./src/MCAL/ADC/ADC_prog.o
 .debug_macro   0x000040f5       0x49 ./src/HAL/water_sensor/water_sensor.o
 .debug_macro   0x0000413e       0x10 ./src/HAL/water_sensor/water_sensor.o
 .debug_macro   0x0000414e       0x7c ./src/HAL/water_sensor/water_sensor.o
 .debug_macro   0x000041ca       0x23 ./src/HAL/water_sensor/water_sensor_config.o
 .debug_macro   0x000041ed       0x48 ./src/HAL/ULTRASONIC/ULTRASONIC.o
 .debug_macro   0x00004235       0x2e ./src/HAL/ULTRASONIC/ULTRASONIC.o
 .debug_macro   0x00004263       0x32 ./src/HAL/ULTRASONIC/ULTRASONIC_cfg.o
 .debug_macro   0x00004295       0x6a ./src/HAL/MPU/MPU.o
 .debug_macro   0x000042ff       0x4c ./src/HAL/MPU/MPU.o
 .debug_macro   0x0000434b       0x5c ./src/HAL/DC_Moror/DCM_prg.o
 .debug_macro   0x000043a7       0x2e ./src/HAL/DC_Moror/DCM_prg.o
 .debug_macro   0x000043d5       0xec ./src/APP/APP.o
 .debug_macro   0x000044c1       0x7c ./src/APP/APP.o
 .debug_macro   0x0000453d       0x11 ./src/_initialize_hardware.o
 .debug_macro   0x0000454e       0xec ./src/main.o
