Archive member included to satisfy reference by file (symbol)

d:/courses/armgcc/bin/../lib/gcc/arm-none-eabi/7.2.1/thumb/v7e-m\libgcc.a(_arm_addsubdf3.o)
                              ./src/HAL/MPU/MPU.o (__aeabi_i2d)
d:/courses/armgcc/bin/../lib/gcc/arm-none-eabi/7.2.1/thumb/v7e-m\libgcc.a(_arm_muldivdf3.o)
                              ./src/HAL/MPU/MPU.o (__aeabi_dmul)
d:/courses/armgcc/bin/../lib/gcc/arm-none-eabi/7.2.1/thumb/v7e-m\libgcc.a(_arm_addsubsf3.o)
                              ./src/HAL/MPU/MPU.o (__aeabi_fadd)
d:/courses/armgcc/bin/../lib/gcc/arm-none-eabi/7.2.1/thumb/v7e-m\libgcc.a(_arm_muldivsf3.o)
                              ./src/HAL/ULTRASONIC/ULTRASONIC.o (__aeabi_fmul)
d:/courses/armgcc/bin/../lib/gcc/arm-none-eabi/7.2.1/thumb/v7e-m\libgcc.a(_arm_fixunssfsi.o)
                              ./src/HAL/ULTRASONIC/ULTRASONIC.o (__aeabi_f2uiz)
d:/courses/armgcc/bin/../lib/gcc/arm-none-eabi/7.2.1/../../../../arm-none-eabi/lib/thumb/v7e-m\libg_nano.a(lib_a-errno.o)
                              ./system/src/newlib/_sbrk.o (__errno)
d:/courses/armgcc/bin/../lib/gcc/arm-none-eabi/7.2.1/../../../../arm-none-eabi/lib/thumb/v7e-m\libg_nano.a(lib_a-impure.o)
                              d:/courses/armgcc/bin/../lib/gcc/arm-none-eabi/7.2.1/../../../../arm-none-eabi/lib/thumb/v7e-m\libg_nano.a(lib_a-errno.o) (_impure_ptr)
d:/courses/armgcc/bin/../lib/gcc/arm-none-eabi/7.2.1/../../../../arm-none-eabi/lib/thumb/v7e-m\libg_nano.a(lib_a-itoa.o)
                              ./src/HAL/LCD/lcd.o (itoa)
d:/courses/armgcc/bin/../lib/gcc/arm-none-eabi/7.2.1/../../../../arm-none-eabi/lib/thumb/v7e-m\libg_nano.a(lib_a-memset.o)
                              ./src/HAL/GSM/GSM_prg.o (memset)
d:/courses/armgcc/bin/../lib/gcc/arm-none-eabi/7.2.1/../../../../arm-none-eabi/lib/thumb/v7e-m\libg_nano.a(lib_a-strcat.o)
                              ./src/HAL/GSM/GSM_prg.o (strcat)
d:/courses/armgcc/bin/../lib/gcc/arm-none-eabi/7.2.1/../../../../arm-none-eabi/lib/thumb/v7e-m\libg_nano.a(lib_a-strcpy.o)
                              ./src/HAL/GSM/GSM_prg.o (strcpy)
d:/courses/armgcc/bin/../lib/gcc/arm-none-eabi/7.2.1/../../../../arm-none-eabi/lib/thumb/v7e-m\libg_nano.a(lib_a-strlen.o)
                              ./system/src/diag/Trace.o (strlen)
d:/courses/armgcc/bin/../lib/gcc/arm-none-eabi/7.2.1/../../../../arm-none-eabi/lib/thumb/v7e-m\libg_nano.a(lib_a-strstr.o)
                              ./src/HAL/GSM/GSM_prg.o (strstr)
d:/courses/armgcc/bin/../lib/gcc/arm-none-eabi/7.2.1/../../../../arm-none-eabi/lib/thumb/v7e-m\libg_nano.a(lib_a-utoa.o)
                              d:/courses/armgcc/bin/../lib/gcc/arm-none-eabi/7.2.1/../../../../arm-none-eabi/lib/thumb/v7e-m\libg_nano.a(lib_a-itoa.o) (__utoa)
d:/courses/armgcc/bin/../lib/gcc/arm-none-eabi/7.2.1/../../../../arm-none-eabi/lib/thumb/v7e-m\libg_nano.a(lib_a-vsnprintf.o)
                              ./system/src/diag/Trace.o (vsnprintf)
d:/courses/armgcc/bin/../lib/gcc/arm-none-eabi/7.2.1/../../../../arm-none-eabi/lib/thumb/v7e-m\libg_nano.a(lib_a-nano-svfprintf.o)
                              d:/courses/armgcc/bin/../lib/gcc/arm-none-eabi/7.2.1/../../../../arm-none-eabi/lib/thumb/v7e-m\libg_nano.a(lib_a-vsnprintf.o) (_svfprintf_r)
d:/courses/armgcc/bin/../lib/gcc/arm-none-eabi/7.2.1/../../../../arm-none-eabi/lib/thumb/v7e-m\libg_nano.a(lib_a-nano-vfprintf_i.o)
                              d:/courses/armgcc/bin/../lib/gcc/arm-none-eabi/7.2.1/../../../../arm-none-eabi/lib/thumb/v7e-m\libg_nano.a(lib_a-nano-svfprintf.o) (_printf_i)
d:/courses/armgcc/bin/../lib/gcc/arm-none-eabi/7.2.1/../../../../arm-none-eabi/lib/thumb/v7e-m\libg_nano.a(lib_a-memchr.o)
                              d:/courses/armgcc/bin/../lib/gcc/arm-none-eabi/7.2.1/../../../../arm-none-eabi/lib/thumb/v7e-m\libg_nano.a(lib_a-nano-svfprintf.o) (memchr)
d:/courses/armgcc/bin/../lib/gcc/arm-none-eabi/7.2.1/../../../../arm-none-eabi/lib/thumb/v7e-m\libg_nano.a(lib_a-memcpy-stub.o)
                              d:/courses/armgcc/bin/../lib/gcc/arm-none-eabi/7.2.1/../../../../arm-none-eabi/lib/thumb/v7e-m\libg_nano.a(lib_a-nano-svfprintf.o) (memcpy)
d:/courses/armgcc/bin/../lib/gcc/arm-none-eabi/7.2.1/../../../../arm-none-eabi/lib/thumb/v7e-m\libg_nano.a(lib_a-memmove.o)
                              d:/courses/armgcc/bin/../lib/gcc/arm-none-eabi/7.2.1/../../../../arm-none-eabi/lib/thumb/v7e-m\libg_nano.a(lib_a-nano-svfprintf.o) (memmove)
d:/courses/armgcc/bin/../lib/gcc/arm-none-eabi/7.2.1/../../../../arm-none-eabi/lib/thumb/v7e-m\libg_nano.a(lib_a-nano-freer.o)
                              d:/courses/armgcc/bin/../lib/gcc/arm-none-eabi/7.2.1/../../../../arm-none-eabi/lib/thumb/v7e-m\libg_nano.a(lib_a-nano-svfprintf.o) (_free_r)
d:/courses/armgcc/bin/../lib/gcc/arm-none-eabi/7.2.1/../../../../arm-none-eabi/lib/thumb/v7e-m\libg_nano.a(lib_a-nano-mallocr.o)
[...]
Memory Configuration

Name             Origin             Length             Attributes
RAM              0x20000000         0x00010000         xrw
CCMRAM           0x10000000         0x00000000         xrw
FLASH            0x08000000         0x00040000         xr
FLASHB1          0x00000000         0x00000000         xr
EXTMEMB0         0x00000000         0x00000000         xr
EXTMEMB1         0x00000000         0x00000000         xr
EXTMEMB2         0x00000000         0x00000000         xr
EXTMEMB3         0x00000000         0x00000000         xr
*default*        0x00000000         0xffffffff

Linker script and memory map

LOAD ./system/src/stm32f4-hal/stm32f4xx_hal.o
LOAD ./system/src/stm32f4-hal/stm32f4xx_hal_cortex.o
LOAD ./system/src/stm32f4-hal/stm32f4xx_hal_dfsdm.o
LOAD ./system/src/stm32f4-hal/stm32f4xx_hal_flash.o
LOAD ./system/src/stm32f4-hal/stm32f4xx_hal_gpio.o
LOAD ./system/src/stm32f4-hal/stm32f4xx_hal_iwdg.o
LOAD ./system/src/stm32f4-hal/stm32f4xx_hal_pwr.o
LOAD ./system/src/stm32f4-hal/stm32f4xx_hal_rcc.o
LOAD ./system/src/newlib/_cxx.o
LOAD ./system/src/newlib/_exit.o
LOAD ./system/src/newlib/_sbrk.o
LOAD ./system/src/newlib/_startup.o
LOAD ./system/src/newlib/_syscalls.o
LOAD ./system/src/newlib/assert.o
LOAD ./system/src/diag/Trace.o
LOAD ./system/src/diag/trace_impl.o
LOAD ./system/src/cortexm/_initialize_hardware.o
LOAD ./system/src/cortexm/_reset_hardware.o
LOAD ./system/src/cortexm/exception_handlers.o
LOAD ./system/src/cmsis/system_stm32f4xx.o
LOAD ./system/src/cmsis/vectors_stm32f401xc.o
LOAD ./src/RTOS/RTOS_prg.o
LOAD ./src/MCAL/USART/USART_prog.o
LOAD ./src/MCAL/TIMER/TIMER_prg.o
LOAD ./src/MCAL/TIM10_11_PWM/TIM10_11_prg.o
LOAD ./src/MCAL/SYSTICK/SYSTICK_prg.o
LOAD ./src/MCAL/RCC/RCC_prg.o
LOAD ./src/MCAL/NVIC/NVIC_prg.o
LOAD ./src/MCAL/I2C/I2C_prg.o
LOAD ./src/MCAL/GPIO/GPIO_prg.o
LOAD ./src/MCAL/EXTI/EX_INT_prg.o
LOAD ./src/MCAL/ADC/ADC_prog.o
LOAD ./src/HAL/water_sensor/water_sensor.o
LOAD ./src/HAL/ULTRASONIC/ULTRASONIC.o
LOAD ./src/HAL/Telt_sensor/Telt_sensor.o
LOAD ./src/HAL/SEVEN_Segment/Segment.o
LOAD ./src/HAL/MPU/MPU.o
LOAD ./src/HAL/LCD/lcd.o
LOAD ./src/HAL/GSM/GSM_prg.o
LOAD ./src/_initialize_hardware.o
LOAD ./src/main.o
LOAD ./src/stm32f4xx_hal_msp.o
LOAD d:/courses/armgcc/bin/../lib/gcc/arm-none-eabi/7.2.1/../../../../arm-none-eabi/lib/thumb/v7e-m\libstdc++_nano.a
LOAD d:/courses/armgcc/bin/../lib/gcc/arm-none-eabi/7.2.1/../../../../arm-none-eabi/lib/thumb/v7e-m\libm.a
START GROUP
LOAD d:/courses/armgcc/bin/../lib/gcc/arm-none-eabi/7.2.1/thumb/v7e-m\libgcc.a
LOAD d:/courses/armgcc/bin/../lib/gcc/arm-none-eabi/7.2.1/../../../../arm-none-eabi/lib/thumb/v7e-m\libg_nano.a
LOAD d:/courses/armgcc/bin/../lib/gcc/arm-none-eabi/7.2.1/../../../../arm-none-eabi/lib/thumb/v7e-m\libc_nano.a
END GROUP
START GROUP
LOAD d:/courses/armgcc/bin/../lib/gcc/arm-none-eabi/7.2.1/thumb/v7e-m\libgcc.a
LOAD d:/courses/armgcc/bin/../lib/gcc/arm-none-eabi/7.2.1/../../../../arm-none-eabi/lib/thumb/v7e-m\libc_nano.a
END GROUP
                0x20010000                __stack = (ORIGIN (RAM) + LENGTH (RAM))
                0x20010000                _estack = __stack
                0x00000400                __Main_Stack_Size = 0x400
                [!provide]                PROVIDE (_Main_Stack_Size, __Main_Stack_Size)
                0x2000fc00                __Main_Stack_Limit = (__stack - __Main_Stack_Size)
                [!provide]                PROVIDE (_Main_Stack_Limit, __Main_Stack_Limit)
                0x00000100                _Minimum_Stack_Size = 0x100
                0x2000016c                PROVIDE (_Heap_Begin, _end_noinit)
                0x2000fc00                PROVIDE (_Heap_Limit, (__stack - __Main_Stack_Size))

.isr_vector     0x08000000      0x3f4
 FILL mask 0xff
                0x08000000                __vectors_start = ABSOLUTE (.)
                0x08000000                __vectors_start__ = ABSOLUTE (.)
 *(.isr_vector)
 .isr_vector    0x08000000      0x194 ./system/src/cmsis/vectors_stm32f401xc.o
                0x08000000                __isr_vectors
 *(.cfmconfig)
 *(.after_vectors .after_vectors.*)
 .after_vectors
                0x08000194      0x130 ./system/src/newlib/_startup.o
                0x08000194                _start
 .after_vectors
                0x080002c4      0x12c ./system/src/cortexm/exception_handlers.o
                0x080002c4                Reset_Handler
                0x080002ca                NMI_Handler
                0x080002ce                HardFault_Handler
                0x080002e2                HardFault_Handler_C
                0x08000340                MemManage_Handler
                0x08000344                BusFault_Handler
                0x08000358                BusFault_Handler_C
                0x0800038c                UsageFault_Handler
                0x080003a0                UsageFault_Handler_C
                0x080003d4                SVC_Handler
                0x080003d8                DebugMon_Handler
                0x080003dc                PendSV_Handler
 .after_vectors
                0x080003f0        0x4 ./system/src/cmsis/vectors_stm32f401xc.o
                0x080003f0                RTC_Alarm_IRQHandler
                0x080003f0                SPI4_IRQHandler
                0x080003f0                TIM1_CC_IRQHandler
                0x080003f0                DMA2_Stream5_IRQHandler
                0x080003f0                DMA1_Stream5_IRQHandler
                0x080003f0                PVD_IRQHandler
                0x080003f0                SDIO_IRQHandler
                0x080003f0                TAMP_STAMP_IRQHandler
                0x080003f0                TIM1_UP_TIM10_IRQHandler
                0x080003f0                I2C3_ER_IRQHandler
                0x080003f0                I2C2_EV_IRQHandler
                0x080003f0                DMA1_Stream2_IRQHandler
                0x080003f0                FPU_IRQHandler
                0x080003f0                DMA2_Stream2_IRQHandler
                0x080003f0                SPI1_IRQHandler
                0x080003f0                TIM1_BRK_TIM9_IRQHandler
                0x080003f0                DMA2_Stream3_IRQHandler
                0x080003f0                DMA2_Stream0_IRQHandler
                0x080003f0                DMA1_Stream6_IRQHandler
                0x080003f0                DMA1_Stream1_IRQHandler
                0x080003f0                RCC_IRQHandler
                0x080003f0                Default_Handler
                0x080003f0                DMA1_Stream7_IRQHandler
                0x080003f0                DMA2_Stream7_IRQHandler
                0x080003f0                I2C3_EV_IRQHandler
                0x080003f0                RTC_WKUP_IRQHandler
                0x080003f0                SPI2_IRQHandler
                0x080003f0                DMA1_Stream0_IRQHandler
                0x080003f0                WWDG_IRQHandler
                0x080003f0                OTG_FS_WKUP_IRQHandler
                0x080003f0                TIM1_TRG_COM_TIM11_IRQHandler
                0x080003f0                I2C2_ER_IRQHandler
                0x080003f0                DMA2_Stream1_IRQHandler
                0x080003f0                FLASH_IRQHandler
                0x080003f0                DMA2_Stream4_IRQHandler
                0x080003f0                OTG_FS_IRQHandler
                0x080003f0                SPI3_IRQHandler
                0x080003f0                DMA1_Stream4_IRQHandler
                0x080003f0                DMA2_Stream6_IRQHandler
                0x080003f0                DMA1_Stream3_IRQHandler

.inits          0x080003f4       0x28
                0x080003f4                __data_regions_array_start = .
                0x080003f4        0x4 LONG 0x8001880 LOADADDR (.data)
                0x080003f8        0x4 LONG 0x20000000 ADDR (.data)
                0x080003fc        0x4 LONG 0x20000074 (ADDR (.data) + SIZEOF (.data))
                0x08000400        0x4 LONG 0x8001880 LOADADDR (.data_CCMRAM)
                0x08000404        0x4 LONG 0x10000000 ADDR (.data_CCMRAM)
                0x08000408        0x4 LONG 0x10000000 (ADDR (.data_CCMRAM) + SIZEOF (.data_CCMRAM))
                0x0800040c                __data_regions_array_end = .
                0x0800040c                __bss_regions_array_start = .
                0x0800040c        0x4 LONG 0x20000074 ADDR (.bss)
                0x08000410        0x4 LONG 0x2000016c (ADDR (.bss) + SIZEOF (.bss))
                0x08000414        0x4 LONG 0x10000000 ADDR (.bss_CCMRAM)
                0x08000418        0x4 LONG 0x10000000 (ADDR (.bss_CCMRAM) + SIZEOF (.bss_CCMRAM))
                0x0800041c                __bss_regions_array_end = .
 *(.init)
 *(.fini)
                0x0800041c                . = ALIGN (0x4)
                0x0800041c                PROVIDE (__preinit_array_start, .)
 *(.preinit_array_sysinit .preinit_array_sysinit.*)
 *(.preinit_array_platform .preinit_array_platform.*)
 *(.preinit_array .preinit_array.*)
                0x0800041c                PROVIDE (__preinit_array_end, .)
                0x0800041c                . = ALIGN (0x4)
                0x0800041c                PROVIDE (__init_array_start, .)
 *(SORT_BY_NAME(.init_array.*))
 *(.init_array)
                0x0800041c                PROVIDE (__init_array_end, .)
                0x0800041c                . = ALIGN (0x4)
                0x0800041c                PROVIDE (__fini_array_start, .)
 *(SORT_BY_NAME(.fini_array.*))
 *(.fini_array)
                0x0800041c                PROVIDE (__fini_array_end, .)

.flashtext
 *(.flashtext .flashtext.*)

.text           0x08000420     0x145f
 *(.text .text.*)
 .text._exit    0x08000420        0x2 ./system/src/newlib/_exit.o
                0x08000420                _exit
 *fill*         0x08000422        0x2 
 .text._sbrk    0x08000424       0x44 ./system/src/newlib/_sbrk.o
                0x08000424                _sbrk
 .text.__initialize_args
                0x08000468       0x10 ./system/src/newlib/_syscalls.o
                0x08000468                __initialize_args
 .text.trace_printf
                0x08000478       0x30 ./system/src/diag/Trace.o
                0x08000478                trace_printf
 .text._trace_write_semihosting_debug
                0x080004a8       0x60 ./system/src/diag/trace_impl.o
 .text.trace_write
                0x08000508        0x8 ./system/src/diag/trace_impl.o
                0x08000508                trace_write
 .text.__initialize_hardware_early
                0x08000510       0x18 ./system/src/cortexm/_initialize_hardware.o
                0x08000510                __initialize_hardware_early
 .text.dumpExceptionStack
                0x08000528       0xf4 ./system/src/cortexm/exception_handlers.o
                0x08000528                dumpExceptionStack
 .text.isSemihosting
                0x0800061c       0x20 ./system/src/cortexm/exception_handlers.o
                0x0800061c                isSemihosting
 .text.SystemInit
                0x0800063c       0x40 ./system/src/cmsis/system_stm32f4xx.o
                0x0800063c                SystemInit
 .text.USART_Init
                0x0800067c       0xe0 ./src/MCAL/USART/USART_prog.o
                0x0800067c                USART_Init
 .text.USART_Receiver_Transmiter
                0x0800075c       0x1a ./src/MCAL/USART/USART_prog.o
                0x0800075c                USART_Receiver_Transmiter
 .text.USART_Receiver_Transmiter_Dis
                0x08000776        0xa ./src/MCAL/USART/USART_prog.o
                0x08000776                USART_Receiver_Transmiter_Dis
 .text.USART_Transmite_Byte_sync
                0x08000780       0x34 ./src/MCAL/USART/USART_prog.o
                0x08000780                USART_Transmite_Byte_sync
 .text.USART_Transmite_String_sync
                0x080007b4       0x28 ./src/MCAL/USART/USART_prog.o
                0x080007b4                USART_Transmite_String_sync
 .text.USART2_Set_CBF
                0x080007dc       0x14 ./src/MCAL/USART/USART_prog.o
                0x080007dc                USART2_Set_CBF
 .text.USART_Receive_Byte_Async_Interrupt_En
                0x080007f0       0x16 ./src/MCAL/USART/USART_prog.o
                0x080007f0                USART_Receive_Byte_Async_Interrupt_En
 .text.USART_Get_Data_Reg
                0x08000806        0x4 ./src/MCAL/USART/USART_prog.o
                0x08000806                USART_Get_Data_Reg
 *fill*         0x0800080a        0x2 
 .text.USART1_IRQHandler
                0x0800080c       0x1c ./src/MCAL/USART/USART_prog.o
                0x0800080c                USART1_IRQHandler
 .text.USART2_IRQHandler
                0x08000828       0x1c ./src/MCAL/USART/USART_prog.o
                0x08000828                USART2_IRQHandler
 .text.USART6_IRQHandler
                0x08000844       0x1c ./src/MCAL/USART/USART_prog.o
                0x08000844                USART6_IRQHandler
 .text.TIM2_IRQHandler
                0x08000860       0x50 ./src/MCAL/TIMER/TIMER_prg.o
                0x08000860                TIM2_IRQHandler
 .text.TIM3_IRQHandler
                0x080008b0       0x50 ./src/MCAL/TIMER/TIMER_prg.o
                0x080008b0                TIM3_IRQHandler
 .text.TIM4_IRQHandler
                0x08000900       0x50 ./src/MCAL/TIMER/TIMER_prg.o
                0x08000900                TIM4_IRQHandler
 .text.TIM5_IRQHandler
                0x08000950       0x50 ./src/MCAL/TIMER/TIMER_prg.o
                0x08000950                TIM5_IRQHandler
 .text.SysTick_Handler
                0x080009a0       0x30 ./src/MCAL/SYSTICK/SYSTICK_prg.o
                0x080009a0                SysTick_Handler
 .text.RCC_Init
                0x080009d0       0x44 ./src/MCAL/RCC/RCC_prg.o
                0x080009d0                RCC_Init
 .text.RCC_Enable_Clock
                0x08000a14       0x50 ./src/MCAL/RCC/RCC_prg.o
                0x08000a14                RCC_Enable_Clock
 .text.NVIC_En_Interrupt
                0x08000a64       0x38 ./src/MCAL/NVIC/NVIC_prg.o
                0x08000a64                NVIC_En_Interrupt
 .text.I2C1_EV_IRQHandler
                0x08000a9c        0x2 ./src/MCAL/I2C/I2C_prg.o
                0x08000a9c                I2C1_EV_IRQHandler
 .text.I2C1_ER_IRQHandler
                0x08000a9e        0x2 ./src/MCAL/I2C/I2C_prg.o
                0x08000a9e                I2C1_ER_IRQHandler
 .text.GPIO_Set_Pin_Direction
                0x08000aa0       0x70 ./src/MCAL/GPIO/GPIO_prg.o
                0x08000aa0                GPIO_Set_Pin_Direction
 .text.GPIO_Alternate_Function
                0x08000b10       0xf4 ./src/MCAL/GPIO/GPIO_prg.o
                0x08000b10                GPIO_Alternate_Function
 .text.EXTI0_IRQHandler
                0x08000c04       0x24 ./src/MCAL/EXTI/EX_INT_prg.o
                0x08000c04                EXTI0_IRQHandler
 .text.EXTI1_IRQHandler
                0x08000c28       0x24 ./src/MCAL/EXTI/EX_INT_prg.o
                0x08000c28                EXTI1_IRQHandler
 .text.EXTI2_IRQHandler
                0x08000c4c       0x24 ./src/MCAL/EXTI/EX_INT_prg.o
                0x08000c4c                EXTI2_IRQHandler
 .text.EXTI3_IRQHandler
                0x08000c70       0x24 ./src/MCAL/EXTI/EX_INT_prg.o
                0x08000c70                EXTI3_IRQHandler
 .text.EXTI4_IRQHandler
                0x08000c94       0x24 ./src/MCAL/EXTI/EX_INT_prg.o
                0x08000c94                EXTI4_IRQHandler
 .text.EXTI9_5_IRQHandler
                0x08000cb8       0x24 ./src/MCAL/EXTI/EX_INT_prg.o
                0x08000cb8                EXTI9_5_IRQHandler
 .text.EXTI15_10_IRQHandler
                0x08000cdc       0x24 ./src/MCAL/EXTI/EX_INT_prg.o
                0x08000cdc                EXTI15_10_IRQHandler
 .text.ADC_IRQHandler
                0x08000d00       0x20 ./src/MCAL/ADC/ADC_prog.o
                0x08000d00                ADC_IRQHandler
 .text.__initialize_hardware
                0x08000d20        0x2 ./src/_initialize_hardware.o
                0x08000d20                __initialize_hardware
 *fill*         0x08000d22        0x2 
 .text.res_string
                0x08000d24       0x38 ./src/main.o
                0x08000d24                res_string
 .text.main     0x08000d5c       0xb4 ./src/main.o
                0x08000d5c                main
 .text.__errno  0x08000e10        0xc d:/courses/armgcc/bin/../lib/gcc/arm-none-eabi/7.2.1/../../../../arm-none-eabi/lib/thumb/v7e-m\libg_nano.a(lib_a-errno.o)
                0x08000e10                __errno
 .text._vsnprintf_r
                0x08000e1c       0x58 d:/courses/armgcc/bin/../lib/gcc/arm-none-eabi/7.2.1/../../../../arm-none-eabi/lib/thumb/v7e-m\libg_nano.a(lib_a-vsnprintf.o)
                0x08000e1c                _vsniprintf_r
                0x08000e1c                _vsnprintf_r
 .text.vsnprintf
                0x08000e74       0x1c d:/courses/armgcc/bin/../lib/gcc/arm-none-eabi/7.2.1/../../../../arm-none-eabi/lib/thumb/v7e-m\libg_nano.a(lib_a-vsnprintf.o)
                0x08000e74                vsniprintf
                0x08000e74                vsnprintf
 .text.__ssputs_r
                0x08000e90       0xb4 d:/courses/armgcc/bin/../lib/gcc/arm-none-eabi/7.2.1/../../../../arm-none-eabi/lib/thumb/v7e-m\libg_nano.a(lib_a-nano-svfprintf.o)
                0x08000e90                __ssputs_r
 .text._svfprintf_r
                0x08000f44      0x1ec d:/courses/armgcc/bin/../lib/gcc/arm-none-eabi/7.2.1/../../../../arm-none-eabi/lib/thumb/v7e-m\libg_nano.a(lib_a-nano-svfprintf.o)
                0x08000f44                _svfiprintf_r
                0x08000f44                _svfprintf_r
 .text._printf_common
                0x08001130       0xea d:/courses/armgcc/bin/../lib/gcc/arm-none-eabi/7.2.1/../../../../arm-none-eabi/lib/thumb/v7e-m\libg_nano.a(lib_a-nano-vfprintf_i.o)
                0x08001130                _printf_common
 *fill*         0x0800121a        0x2 
 .text._printf_i
                0x0800121c      0x224 d:/courses/armgcc/bin/../lib/gcc/arm-none-eabi/7.2.1/../../../../arm-none-eabi/lib/thumb/v7e-m\libg_nano.a(lib_a-nano-vfprintf_i.o)
                0x0800121c                _printf_i
 .text          0x08001440       0xa0 d:/courses/armgcc/bin/../lib/gcc/arm-none-eabi/7.2.1/../../../../arm-none-eabi/lib/thumb/v7e-m\libg_nano.a(lib_a-memchr.o)
                0x08001440                memchr
 .text.memcpy   0x080014e0       0x16 d:/courses/armgcc/bin/../lib/gcc/arm-none-eabi/7.2.1/../../../../arm-none-eabi/lib/thumb/v7e-m\libg_nano.a(lib_a-memcpy-stub.o)
                0x080014e0                memcpy
 .text.memmove  0x080014f6       0x32 d:/courses/armgcc/bin/../lib/gcc/arm-none-eabi/7.2.1/../../../../arm-none-eabi/lib/thumb/v7e-m\libg_nano.a(lib_a-memmove.o)
                0x080014f6                memmove
 .text._free_r  0x08001528       0x9c d:/courses/armgcc/bin/../lib/gcc/arm-none-eabi/7.2.1/../../../../arm-none-eabi/lib/thumb/v7e-m\libg_nano.a(lib_a-nano-freer.o)
                0x08001528                _free_r
 .text._malloc_r
                0x080015c4       0xb4 d:/courses/armgcc/bin/../lib/gcc/arm-none-eabi/7.2.1/../../../../arm-none-eabi/lib/thumb/v7e-m\libg_nano.a(lib_a-nano-mallocr.o)
                0x080015c4                _malloc_r
 .text._realloc_r
                0x08001678       0x4c d:/courses/armgcc/bin/../lib/gcc/arm-none-eabi/7.2.1/../../../../arm-none-eabi/lib/thumb/v7e-m\libg_nano.a(lib_a-nano-reallocr.o)
                0x08001678                _realloc_r
 .text._sbrk_r  0x080016c4       0x20 d:/courses/armgcc/bin/../lib/gcc/arm-none-eabi/7.2.1/../../../../arm-none-eabi/lib/thumb/v7e-m\libg_nano.a(lib_a-sbrkr.o)
                0x080016c4                _sbrk_r
 .text.__malloc_lock
                0x080016e4        0x2 d:/courses/armgcc/bin/../lib/gcc/arm-none-eabi/7.2.1/../../../../arm-none-eabi/lib/thumb/v7e-m\libg_nano.a(lib_a-mlock.o)
                0x080016e4                __malloc_lock
 .text.__malloc_unlock
                0x080016e6        0x2 d:/courses/armgcc/bin/../lib/gcc/arm-none-eabi/7.2.1/../../../../arm-none-eabi/lib/thumb/v7e-m\libg_nano.a(lib_a-mlock.o)
                0x080016e6                __malloc_unlock
 .text._malloc_usable_size_r
                0x080016e8       0x10 d:/courses/armgcc/bin/../lib/gcc/arm-none-eabi/7.2.1/../../../../arm-none-eabi/lib/thumb/v7e-m\libg_nano.a(lib_a-nano-msizer.o)
                0x080016e8                _malloc_usable_size_r
 *(.rodata .rodata.* .constdata .constdata.*)
 .rodata.dumpExceptionStack.str1.4
                0x080016f8      0x11a ./system/src/cortexm/exception_handlers.o
 *fill*         0x08001812        0x2 
 .rodata.str1.4
                0x08001814       0x2a ./system/src/cortexm/exception_handlers.o
 *fill*         0x0800183e        0x2 
 .rodata.main.str1.4
                0x08001840        0xc ./src/main.o
                                  0xb (size before relaxing)
 .rodata._svfprintf_r.str1.1
                0x0800184c       0x11 d:/courses/armgcc/bin/../lib/gcc/arm-none-eabi/7.2.1/../../../../arm-none-eabi/lib/thumb/v7e-m\libg_nano.a(lib_a-nano-svfprintf.o)
 .rodata._printf_i.str1.1
                0x0800185d       0x22 d:/courses/armgcc/bin/../lib/gcc/arm-none-eabi/7.2.1/../../../../arm-none-eabi/lib/thumb/v7e-m\libg_nano.a(lib_a-nano-vfprintf_i.o)
 *(vtable)
 *(.eh_frame*)
 *(.glue_7)
 .glue_7        0x0800187f        0x0 linker stubs
 *(.glue_7t)
 .glue_7t       0x0800187f        0x0 linker stubs

.vfp11_veneer   0x08001880        0x0
 .vfp11_veneer  0x08001880        0x0 linker stubs

.v4_bx          0x08001880        0x0
 .v4_bx         0x08001880        0x0 linker stubs

.iplt           0x08001880        0x0
 .iplt          0x08001880        0x0 ./system/src/newlib/_exit.o

.rel.dyn        0x08001880        0x0
 .rel.iplt      0x08001880        0x0 ./system/src/newlib/_exit.o

.ARM.extab
 *(.ARM.extab* .gnu.linkonce.armextab.*)
                0x08001880                . = ALIGN (0x4)
                0x08001880                __exidx_start = .

.ARM.exidx
 *(.ARM.exidx* .gnu.linkonce.armexidx.*)
                0x08001880                __exidx_end = .
                0x08001880                . = ALIGN (0x4)
                0x08001880                _etext = .
                0x08001880                __etext = .

.data_CCMRAM    0x10000000        0x0 load address 0x08001880
 FILL mask 0xff
 *(.data.CCMRAM .data.CCMRAM.*)
                0x10000000                . = ALIGN (0x4)
                0x08001880                _sidata = LOADADDR (.data)

.data           0x20000000       0x74 load address 0x08001880
 FILL mask 0xff
                0x20000000                _sdata = .
                0x20000000                __data_start__ = .
 *(.data_begin .data_begin.*)
 .data_begin    0x20000000        0x4 ./system/src/newlib/_startup.o
 *(.data .data.*)
 .data.argv.4310
                0x20000004        0x8 ./system/src/newlib/_syscalls.o
 .data._impure_ptr
                0x2000000c        0x4 d:/courses/armgcc/bin/../lib/gcc/arm-none-eabi/7.2.1/../../../../arm-none-eabi/lib/thumb/v7e-m\libg_nano.a(lib_a-impure.o)
                0x2000000c                _impure_ptr
 .data.impure_data
                0x20000010       0x60 d:/courses/armgcc/bin/../lib/gcc/arm-none-eabi/7.2.1/../../../../arm-none-eabi/lib/thumb/v7e-m\libg_nano.a(lib_a-impure.o)
 *(.data_end .data_end.*)
 .data_end      0x20000070        0x4 ./system/src/newlib/_startup.o
                0x20000074                . = ALIGN (0x4)
                0x20000074                _edata = .
                0x20000074                __data_end__ = .

.igot.plt       0x20000074        0x0 load address 0x080018f4
 .igot.plt      0x20000074        0x0 ./system/src/newlib/_exit.o

.bss_CCMRAM     0x10000000        0x0
 *(.bss.CCMRAM .bss.CCMRAM.*)

.bss            0x20000074       0xf8
                0x20000074                __bss_start__ = .
                0x20000074                _sbss = .
 *(.bss_begin .bss_begin.*)
 .bss_begin     0x20000074        0x4 ./system/src/newlib/_startup.o
 *(.bss .bss.*)
 .bss.current_heap_end.3961
                0x20000078        0x4 ./system/src/newlib/_sbrk.o
 .bss.name.4309
                0x2000007c        0x1 ./system/src/newlib/_syscalls.o
 *fill*         0x2000007d        0x3 
 .bss.buf.5205  0x20000080       0x80 ./system/src/diag/Trace.o
 .bss.USART1_CBFun_notifi
                0x20000100        0x4 ./src/MCAL/USART/USART_prog.o
                0x20000100                USART1_CBFun_notifi
 .bss.USART2_CBFun_notifi
                0x20000104        0x4 ./src/MCAL/USART/USART_prog.o
                0x20000104                USART2_CBFun_notifi
 .bss.USART6_CBFun_notifi
                0x20000108        0x4 ./src/MCAL/USART/USART_prog.o
                0x20000108                USART6_CBFun_notifi
 .bss.TIMER_Call_Back
                0x2000010c       0x10 ./src/MCAL/TIMER/TIMER_prg.o
 .bss.call_back
                0x2000011c        0x4 ./src/MCAL/SYSTICK/SYSTICK_prg.o
 .bss.flag_interval
                0x20000120        0x1 ./src/MCAL/SYSTICK/SYSTICK_prg.o
 *fill*         0x20000121        0x3 
 .bss.EXT_INTERRUPT_CB
                0x20000124       0x1c ./src/MCAL/EXTI/EX_INT_prg.o
 .bss.ADC_CB_FUN
                0x20000140        0x4 ./src/MCAL/ADC/ADC_prog.o
                0x20000140                ADC_CB_FUN
 .bss.i.4094    0x20000144        0x1 ./src/main.o
 *fill*         0x20000145        0x3 
 .bss.__malloc_free_list
                0x20000148        0x4 d:/courses/armgcc/bin/../lib/gcc/arm-none-eabi/7.2.1/../../../../arm-none-eabi/lib/thumb/v7e-m\libg_nano.a(lib_a-nano-mallocr.o)
                0x20000148                __malloc_free_list
 .bss.__malloc_sbrk_start
                0x2000014c        0x4 d:/courses/armgcc/bin/../lib/gcc/arm-none-eabi/7.2.1/../../../../arm-none-eabi/lib/thumb/v7e-m\libg_nano.a(lib_a-nano-mallocr.o)
                0x2000014c                __malloc_sbrk_start
 *(COMMON)
 COMMON         0x20000150        0x4 ./system/src/newlib/_syscalls.o
                0x20000150                errno
 COMMON         0x20000154       0x14 ./src/main.o
                0x20000154                res_buffer
 *(.bss_end .bss_end.*)
 .bss_end       0x20000168        0x4 ./system/src/newlib/_startup.o
                0x2000016c                . = ALIGN (0x4)
                0x2000016c                __bss_end__ = .
                0x2000016c                _ebss = .

.noinit_CCMRAM
 *(.noinit.CCMRAM .noinit.CCMRAM.*)

.noinit         0x2000016c        0x0
                0x2000016c                _noinit = .
 *(.noinit .noinit.*)
                0x2000016c                . = ALIGN (0x4)
                0x2000016c                _end_noinit = .
                [!provide]                PROVIDE (end, _end_noinit)
                [!provide]                PROVIDE (_end, _end_noinit)
                [!provide]                PROVIDE (__end, _end_noinit)
                [!provide]                PROVIDE (__end__, _end_noinit)

._check_stack   0x2000016c      0x100
                0x2000026c                . = (. + _Minimum_Stack_Size)
 *fill*         0x2000016c      0x100 

.b1text
 *(.b1text)
 *(.b1rodata)
 *(.b1rodata.*)

.eb0text
 *(.eb0text)
 *(.eb0rodata)
 *(.eb0rodata.*)

.eb1text
 *(.eb1text)
 *(.eb1rodata)
 *(.eb1rodata.*)

.eb2text
 *(.eb2text)
 *(.eb2rodata)
 *(.eb2rodata.*)

.eb3text
 *(.eb3text)
 *(.eb3rodata)
 *(.eb3rodata.*)

.stab
 *(.stab)

.stabstr
 *(.stabstr)

.stab.excl
 *(.stab.excl)

.stab.exclstr
 *(.stab.exclstr)

.stab.index
 *(.stab.index)

.stab.indexstr
 *(.stab.indexstr)

.comment        0x00000000       0x7e
 *(.comment)
 .comment       0x00000000       0x7e ./system/src/newlib/_exit.o
                                 0x7f (size before relaxing)
 .comment       0x0000007e       0x7f ./system/src/newlib/_sbrk.o
 .comment       0x0000007e       0x7f ./system/src/newlib/_startup.o
 .comment       0x0000007e       0x7f ./system/src/newlib/_syscalls.o
 .comment       0x0000007e       0x7f ./system/src/diag/Trace.o
 .comment       0x0000007e       0x7f ./system/src/diag/trace_impl.o
 .comment       0x0000007e       0x7f ./system/src/cortexm/_initialize_hardware.o
 .comment       0x0000007e       0x7f ./system/src/cortexm/exception_handlers.o
 .comment       0x0000007e       0x7f ./system/src/cmsis/system_stm32f4xx.o
 .comment       0x0000007e       0x7f ./system/src/cmsis/vectors_stm32f401xc.o
 .comment       0x0000007e       0x7f ./src/MCAL/USART/USART_prog.o
 .comment       0x0000007e       0x7f ./src/MCAL/TIMER/TIMER_prg.o
 .comment       0x0000007e       0x7f ./src/MCAL/SYSTICK/SYSTICK_prg.o
 .comment       0x0000007e       0x7f ./src/MCAL/RCC/RCC_prg.o
 .comment       0x0000007e       0x7f ./src/MCAL/NVIC/NVIC_prg.o
 .comment       0x0000007e       0x7f ./src/MCAL/I2C/I2C_prg.o
 .comment       0x0000007e       0x7f ./src/MCAL/GPIO/GPIO_prg.o
 .comment       0x0000007e       0x7f ./src/MCAL/EXTI/EX_INT_prg.o
 .comment       0x0000007e       0x7f ./src/MCAL/ADC/ADC_prog.o
 .comment       0x0000007e       0x7f ./src/_initialize_hardware.o
 .comment       0x0000007e       0x7f ./src/main.o

.ARM.attributes
                0x00000000       0x31
 .ARM.attributes
                0x00000000       0x33 ./system/src/newlib/_exit.o
 .ARM.attributes
                0x00000033       0x33 ./system/src/newlib/_sbrk.o
 .ARM.attributes
                0x00000066       0x33 ./system/src/newlib/_startup.o
 .ARM.attributes
                0x00000099       0x33 ./system/src/newlib/_syscalls.o
 .ARM.attributes
                0x000000cc       0x33 ./system/src/diag/Trace.o
 .ARM.attributes
                0x000000ff       0x33 ./system/src/diag/trace_impl.o
 .ARM.attributes
                0x00000132       0x33 ./system/src/cortexm/_initialize_hardware.o
 .ARM.attributes
                0x00000165       0x33 ./system/src/cortexm/exception_handlers.o
 .ARM.attributes
                0x00000198       0x33 ./system/src/cmsis/system_stm32f4xx.o
 .ARM.attributes
                0x000001cb       0x33 ./system/src/cmsis/vectors_stm32f401xc.o
 .ARM.attributes
                0x000001fe       0x33 ./src/MCAL/USART/USART_prog.o
 .ARM.attributes
                0x00000231       0x33 ./src/MCAL/TIMER/TIMER_prg.o
 .ARM.attributes
                0x00000264       0x33 ./src/MCAL/SYSTICK/SYSTICK_prg.o
 .ARM.attributes
                0x00000297       0x33 ./src/MCAL/RCC/RCC_prg.o
 .ARM.attributes
                0x000002ca       0x33 ./src/MCAL/NVIC/NVIC_prg.o
 .ARM.attributes
                0x000002fd       0x33 ./src/MCAL/I2C/I2C_prg.o
 .ARM.attributes
                0x00000330       0x33 ./src/MCAL/GPIO/GPIO_prg.o
 .ARM.attributes
                0x00000363       0x33 ./src/MCAL/EXTI/EX_INT_prg.o
 .ARM.attributes
                0x00000396       0x33 ./src/MCAL/ADC/ADC_prog.o
 .ARM.attributes
                0x000003c9       0x33 ./src/_initialize_hardware.o
 .ARM.attributes
                0x000003fc       0x33 ./src/main.o
 .ARM.attributes
                0x0000042f       0x2e d:/courses/armgcc/bin/../lib/gcc/arm-none-eabi/7.2.1/../../../../arm-none-eabi/lib/thumb/v7e-m\libg_nano.a(lib_a-errno.o)
 .ARM.attributes
                0x0000045d       0x2e d:/courses/armgcc/bin/../lib/gcc/arm-none-eabi/7.2.1/../../../../arm-none-eabi/lib/thumb/v7e-m\libg_nano.a(lib_a-impure.o)
 .ARM.attributes
                0x0000048b       0x2e d:/courses/armgcc/bin/../lib/gcc/arm-none-eabi/7.2.1/../../../../arm-none-eabi/lib/thumb/v7e-m\libg_nano.a(lib_a-vsnprintf.o)
 .ARM.attributes
                0x000004b9       0x2e d:/courses/armgcc/bin/../lib/gcc/arm-none-eabi/7.2.1/../../../../arm-none-eabi/lib/thumb/v7e-m\libg_nano.a(lib_a-nano-svfprintf.o)
 .ARM.attributes
                0x000004e7       0x2e d:/courses/armgcc/bin/../lib/gcc/arm-none-eabi/7.2.1/../../../../arm-none-eabi/lib/thumb/v7e-m\libg_nano.a(lib_a-nano-vfprintf_i.o)
 .ARM.attributes
                0x00000515       0x1c d:/courses/armgcc/bin/../lib/gcc/arm-none-eabi/7.2.1/../../../../arm-none-eabi/lib/thumb/v7e-m\libg_nano.a(lib_a-memchr.o)
 .ARM.attributes
                0x00000531       0x2e d:/courses/armgcc/bin/../lib/gcc/arm-none-eabi/7.2.1/../../../../arm-none-eabi/lib/thumb/v7e-m\libg_nano.a(lib_a-memcpy-stub.o)
 .ARM.attributes
                0x0000055f       0x2e d:/courses/armgcc/bin/../lib/gcc/arm-none-eabi/7.2.1/../../../../arm-none-eabi/lib/thumb/v7e-m\libg_nano.a(lib_a-memmove.o)
 .ARM.attributes
                0x0000058d       0x2e d:/courses/armgcc/bin/../lib/gcc/arm-none-eabi/7.2.1/../../../../arm-none-eabi/lib/thumb/v7e-m\libg_nano.a(lib_a-nano-freer.o)
 .ARM.attributes
                0x000005bb       0x2e d:/courses/armgcc/bin/../lib/gcc/arm-none-eabi/7.2.1/../../../../arm-none-eabi/lib/thumb/v7e-m\libg_nano.a(lib_a-nano-mallocr.o)
 .ARM.attributes
                0x000005e9       0x2e d:/courses/armgcc/bin/../lib/gcc/arm-none-eabi/7.2.1/../../../../arm-none-eabi/lib/thumb/v7e-m\libg_nano.a(lib_a-nano-reallocr.o)
 .ARM.attributes
                0x00000617       0x2e d:/courses/armgcc/bin/../lib/gcc/arm-none-eabi/7.2.1/../../../../arm-none-eabi/lib/thumb/v7e-m\libg_nano.a(lib_a-sbrkr.o)
 .ARM.attributes
                0x00000645       0x2e d:/courses/armgcc/bin/../lib/gcc/arm-none-eabi/7.2.1/../../../../arm-none-eabi/lib/thumb/v7e-m\libg_nano.a(lib_a-mlock.o)
 .ARM.attributes
                0x00000673       0x2e d:/courses/armgcc/bin/../lib/gcc/arm-none-eabi/7.2.1/../../../../arm-none-eabi/lib/thumb/v7e-m\libg_nano.a(lib_a-nano-msizer.o)

.debug
 *(.debug)

.line
 *(.line)

.debug_srcinfo
 *(.debug_srcinfo)

.debug_sfnames
 *(.debug_sfnames)

.debug_aranges  0x00000000      0x648
 *(.debug_aranges)
 .debug_aranges
                0x00000000       0x28 ./system/src/newlib/_exit.o
 .debug_aranges
                0x00000028       0x20 ./system/src/newlib/_sbrk.o
 .debug_aranges
                0x00000048       0x40 ./system/src/newlib/_startup.o
 .debug_aranges
                0x00000088       0x30 ./system/src/newlib/_syscalls.o
 .debug_aranges
                0x000000b8       0x38 ./system/src/diag/Trace.o
 .debug_aranges
                0x000000f0       0x30 ./system/src/diag/trace_impl.o
 .debug_aranges
                0x00000120       0x28 ./system/src/cortexm/_initialize_hardware.o
 .debug_aranges
                0x00000148       0x90 ./system/src/cortexm/exception_handlers.o
 .debug_aranges
                0x000001d8       0x28 ./system/src/cmsis/system_stm32f4xx.o
 .debug_aranges
                0x00000200       0x20 ./system/src/cmsis/vectors_stm32f401xc.o
 .debug_aranges
                0x00000220       0x98 ./src/MCAL/USART/USART_prog.o
 .debug_aranges
                0x000002b8       0x90 ./src/MCAL/TIMER/TIMER_prg.o
 .debug_aranges
                0x00000348       0x90 ./src/MCAL/SYSTICK/SYSTICK_prg.o
 .debug_aranges
                0x000003d8       0x30 ./src/MCAL/RCC/RCC_prg.o
 .debug_aranges
                0x00000408       0x50 ./src/MCAL/NVIC/NVIC_prg.o
 .debug_aranges
                0x00000458       0x48 ./src/MCAL/I2C/I2C_prg.o
 .debug_aranges
                0x000004a0       0x88 ./src/MCAL/GPIO/GPIO_prg.o
 .debug_aranges
                0x00000528       0x88 ./src/MCAL/EXTI/EX_INT_prg.o
 .debug_aranges
                0x000005b0       0x50 ./src/MCAL/ADC/ADC_prog.o
 .debug_aranges
                0x00000600       0x20 ./src/_initialize_hardware.o
 .debug_aranges
                0x00000620       0x28 ./src/main.o

.debug_pubnames
 *(.debug_pubnames)

.debug_info     0x00000000     0x9bfb
 *(.debug_info .gnu.linkonce.wi.*)
 .debug_info    0x00000000      0x956 ./system/src/newlib/_exit.o
 .debug_info    0x00000956      0x942 ./system/src/newlib/_sbrk.o
 .debug_info    0x00001298      0x4bf ./system/src/newlib/_startup.o
 .debug_info    0x00001757      0xa19 ./system/src/newlib/_syscalls.o
 .debug_info    0x00002170      0xb2a ./system/src/diag/Trace.o
 .debug_info    0x00002c9a      0xb6b ./system/src/diag/trace_impl.o
 .debug_info    0x00003805      0xade ./system/src/cortexm/_initialize_hardware.o
 .debug_info    0x000042e3     0x115a ./system/src/cortexm/exception_handlers.o
 .debug_info    0x0000543d      0xcfe ./system/src/cmsis/system_stm32f4xx.o
 .debug_info    0x0000613b       0xca ./system/src/cmsis/vectors_stm32f401xc.o
 .debug_info    0x00006205      0x94c ./src/MCAL/USART/USART_prog.o
 .debug_info    0x00006b51      0x7e2 ./src/MCAL/TIMER/TIMER_prg.o
 .debug_info    0x00007333      0x2d0 ./src/MCAL/SYSTICK/SYSTICK_prg.o
 .debug_info    0x00007603      0x439 ./src/MCAL/RCC/RCC_prg.o
 .debug_info    0x00007a3c      0x4c6 ./src/MCAL/NVIC/NVIC_prg.o
 .debug_info    0x00007f02      0x89c ./src/MCAL/I2C/I2C_prg.o
 .debug_info    0x0000879e      0x4c4 ./src/MCAL/GPIO/GPIO_prg.o
 .debug_info    0x00008c62      0x3f3 ./src/MCAL/EXTI/EX_INT_prg.o
 .debug_info    0x00009055      0x61f ./src/MCAL/ADC/ADC_prog.o
 .debug_info    0x00009674       0x3b ./src/_initialize_hardware.o
 .debug_info    0x000096af      0x54c ./src/main.o

.debug_abbrev   0x00000000     0x225f
 *(.debug_abbrev)
 .debug_abbrev  0x00000000      0x1f3 ./system/src/newlib/_exit.o
 .debug_abbrev  0x000001f3      0x1fc ./system/src/newlib/_sbrk.o
 .debug_abbrev  0x000003ef      0x1cb ./system/src/newlib/_startup.o
 .debug_abbrev  0x000005ba      0x234 ./system/src/newlib/_syscalls.o
 .debug_abbrev  0x000007ee      0x276 ./system/src/diag/Trace.o
 .debug_abbrev  0x00000a64      0x2ef ./system/src/diag/trace_impl.o
 .debug_abbrev  0x00000d53      0x1de ./system/src/cortexm/_initialize_hardware.o
 .debug_abbrev  0x00000f31      0x32b ./system/src/cortexm/exception_handlers.o
 .debug_abbrev  0x0000125c      0x216 ./system/src/cmsis/system_stm32f4xx.o
 .debug_abbrev  0x00001472       0x9d ./system/src/cmsis/vectors_stm32f401xc.o
 .debug_abbrev  0x0000150f      0x1e1 ./src/MCAL/USART/USART_prog.o
 .debug_abbrev  0x000016f0      0x1a9 ./src/MCAL/TIMER/TIMER_prg.o
 .debug_abbrev  0x00001899      0x15b ./src/MCAL/SYSTICK/SYSTICK_prg.o
 .debug_abbrev  0x000019f4       0xbe ./src/MCAL/RCC/RCC_prg.o
 .debug_abbrev  0x00001ab2      0x13e ./src/MCAL/NVIC/NVIC_prg.o
 .debug_abbrev  0x00001bf0      0x129 ./src/MCAL/I2C/I2C_prg.o
 .debug_abbrev  0x00001d19      0x116 ./src/MCAL/GPIO/GPIO_prg.o
 .debug_abbrev  0x00001e2f      0x148 ./src/MCAL/EXTI/EX_INT_prg.o
 .debug_abbrev  0x00001f77      0x183 ./src/MCAL/ADC/ADC_prog.o
 .debug_abbrev  0x000020fa       0x2f ./src/_initialize_hardware.o
 .debug_abbrev  0x00002129      0x136 ./src/main.o

.debug_line     0x00000000     0x4d97
 *(.debug_line)
 .debug_line    0x00000000      0x2bf ./system/src/newlib/_exit.o
 .debug_line    0x000002bf      0x273 ./system/src/newlib/_sbrk.o
 .debug_line    0x00000532      0x33b ./system/src/newlib/_startup.o
 .debug_line    0x0000086d      0x365 ./system/src/newlib/_syscalls.o
 .debug_line    0x00000bd2      0x33b ./system/src/diag/Trace.o
 .debug_line    0x00000f0d      0xa2f ./system/src/diag/trace_impl.o
 .debug_line    0x0000193c      0x998 ./system/src/cortexm/_initialize_hardware.o
 .debug_line    0x000022d4      0xae6 ./system/src/cortexm/exception_handlers.o
 .debug_line    0x00002dba      0x99e ./system/src/cmsis/system_stm32f4xx.o
 .debug_line    0x00003758       0xde ./system/src/cmsis/vectors_stm32f401xc.o
 .debug_line    0x00003836      0x2ab ./src/MCAL/USART/USART_prog.o
 .debug_line    0x00003ae1      0x404 ./src/MCAL/TIMER/TIMER_prg.o
 .debug_line    0x00003ee5      0x1ff ./src/MCAL/SYSTICK/SYSTICK_prg.o
 .debug_line    0x000040e4       0xe8 ./src/MCAL/RCC/RCC_prg.o
 .debug_line    0x000041cc      0x136 ./src/MCAL/NVIC/NVIC_prg.o
 .debug_line    0x00004302      0x202 ./src/MCAL/I2C/I2C_prg.o
 .debug_line    0x00004504      0x274 ./src/MCAL/GPIO/GPIO_prg.o
 .debug_line    0x00004778      0x238 ./src/MCAL/EXTI/EX_INT_prg.o
 .debug_line    0x000049b0      0x1b0 ./src/MCAL/ADC/ADC_prog.o
 .debug_line    0x00004b60       0x4c ./src/_initialize_hardware.o
 .debug_line    0x00004bac      0x1eb ./src/main.o

.debug_frame    0x00000000      0xf6c
 *(.debug_frame)
 .debug_frame   0x00000000       0x38 ./system/src/newlib/_exit.o
 .debug_frame   0x00000038       0x28 ./system/src/newlib/_sbrk.o
 .debug_frame   0x00000060       0x7c ./system/src/newlib/_startup.o
 .debug_frame   0x000000dc       0x50 ./system/src/newlib/_syscalls.o
 .debug_frame   0x0000012c       0x94 ./system/src/diag/Trace.o
 .debug_frame   0x000001c0       0x64 ./system/src/diag/trace_impl.o
 .debug_frame   0x00000224       0x40 ./system/src/cortexm/_initialize_hardware.o
 .debug_frame   0x00000264      0x158 ./system/src/cortexm/exception_handlers.o
 .debug_frame   0x000003bc       0x30 ./system/src/cmsis/system_stm32f4xx.o
 .debug_frame   0x000003ec       0x20 ./system/src/cmsis/vectors_stm32f401xc.o
 .debug_frame   0x0000040c      0x144 ./src/MCAL/USART/USART_prog.o
 .debug_frame   0x00000550      0x128 ./src/MCAL/TIMER/TIMER_prg.o
 .debug_frame   0x00000678      0x108 ./src/MCAL/SYSTICK/SYSTICK_prg.o
 .debug_frame   0x00000780       0x40 ./src/MCAL/RCC/RCC_prg.o
 .debug_frame   0x000007c0       0xb0 ./src/MCAL/NVIC/NVIC_prg.o
 .debug_frame   0x00000870       0x8c ./src/MCAL/I2C/I2C_prg.o
 .debug_frame   0x000008fc      0x168 ./src/MCAL/GPIO/GPIO_prg.o
 .debug_frame   0x00000a64      0x140 ./src/MCAL/EXTI/EX_INT_prg.o
 .debug_frame   0x00000ba4       0x9c ./src/MCAL/ADC/ADC_prog.o
 .debug_frame   0x00000c40       0x20 ./src/_initialize_hardware.o
 .debug_frame   0x00000c60       0x44 ./src/main.o
 .debug_frame   0x00000ca4       0x20 d:/courses/armgcc/bin/../lib/gcc/arm-none-eabi/7.2.1/../../../../arm-none-eabi/lib/thumb/v7e-m\libg_nano.a(lib_a-errno.o)
 .debug_frame   0x00000cc4       0x4c d:/courses/armgcc/bin/../lib/gcc/arm-none-eabi/7.2.1/../../../../arm-none-eabi/lib/thumb/v7e-m\libg_nano.a(lib_a-vsnprintf.o)
 .debug_frame   0x00000d10       0x90 d:/courses/armgcc/bin/../lib/gcc/arm-none-eabi/7.2.1/../../../../arm-none-eabi/lib/thumb/v7e-m\libg_nano.a(lib_a-nano-svfprintf.o)
 .debug_frame   0x00000da0       0x60 d:/courses/armgcc/bin/../lib/gcc/arm-none-eabi/7.2.1/../../../../arm-none-eabi/lib/thumb/v7e-m\libg_nano.a(lib_a-nano-vfprintf_i.o)
 .debug_frame   0x00000e00       0x28 d:/courses/armgcc/bin/../lib/gcc/arm-none-eabi/7.2.1/../../../../arm-none-eabi/lib/thumb/v7e-m\libg_nano.a(lib_a-memcpy-stub.o)
 .debug_frame   0x00000e28       0x28 d:/courses/armgcc/bin/../lib/gcc/arm-none-eabi/7.2.1/../../../../arm-none-eabi/lib/thumb/v7e-m\libg_nano.a(lib_a-memmove.o)
 .debug_frame   0x00000e50       0x38 d:/courses/armgcc/bin/../lib/gcc/arm-none-eabi/7.2.1/../../../../arm-none-eabi/lib/thumb/v7e-m\libg_nano.a(lib_a-nano-freer.o)
 .debug_frame   0x00000e88       0x2c d:/courses/armgcc/bin/../lib/gcc/arm-none-eabi/7.2.1/../../../../arm-none-eabi/lib/thumb/v7e-m\libg_nano.a(lib_a-nano-mallocr.o)
 .debug_frame   0x00000eb4       0x3c d:/courses/armgcc/bin/../lib/gcc/arm-none-eabi/7.2.1/../../../../arm-none-eabi/lib/thumb/v7e-m\libg_nano.a(lib_a-nano-reallocr.o)
 .debug_frame   0x00000ef0       0x2c d:/courses/armgcc/bin/../lib/gcc/arm-none-eabi/7.2.1/../../../../arm-none-eabi/lib/thumb/v7e-m\libg_nano.a(lib_a-sbrkr.o)
 .debug_frame   0x00000f1c       0x30 d:/courses/armgcc/bin/../lib/gcc/arm-none-eabi/7.2.1/../../../../arm-none-eabi/lib/thumb/v7e-m\libg_nano.a(lib_a-mlock.o)
 .debug_frame   0x00000f4c       0x20 d:/courses/armgcc/bin/../lib/gcc/arm-none-eabi/7.2.1/../../../../arm-none-eabi/lib/thumb/v7e-m\libg_nano.a(lib_a-nano-msizer.o)

.debug_str      0x00000000    0x75e2c
 *(.debug_str)
 .debug_str     0x00000000     0x7d0f ./system/src/newlib/_exit.o
                               0x7ee2 (size before relaxing)
 .debug_str     0x00007d0f      0x4f5 ./system/src/newlib/_sbrk.o
                               0x7294 (size before relaxing)
 .debug_str     0x00008204      0xc23 ./system/src/newlib/_startup.o
                               0x6a35 (size before relaxing)
 .debug_str     0x00008e27      0xe8b ./system/src/newlib/_syscalls.o
                               0x816f (size before relaxing)
 .debug_str     0x00009cb2      0x826 ./system/src/diag/Trace.o
                               0x865a (size before relaxing)
 .debug_str     0x0000a4d8    0x67a2e ./system/src/diag/trace_impl.o
                              0x70980 (size before relaxing)
 .debug_str     0x00071f06       0xc4 ./system/src/cortexm/_initialize_hardware.o
                              0x6f712 (size before relaxing)
 .debug_str     0x00071fca      0x1a6 ./system/src/cortexm/exception_handlers.o
                              0x70b0a (size before relaxing)
 .debug_str     0x00072170      0x164 ./system/src/cmsis/system_stm32f4xx.o
                              0x6f7f3 (size before relaxing)
 .debug_str     0x000722d4       0x59 ./system/src/cmsis/vectors_stm32f401xc.o
                               0x3872 (size before relaxing)
 .debug_str     0x0007232d     0x173e ./src/MCAL/USART/USART_prog.o
                               0x44f5 (size before relaxing)
 .debug_str     0x00073a6b      0x552 ./src/MCAL/TIMER/TIMER_prg.o
                               0x3a48 (size before relaxing)
 .debug_str     0x00073fbd      0x2cd ./src/MCAL/SYSTICK/SYSTICK_prg.o
                               0x3340 (size before relaxing)
 .debug_str     0x0007428a      0x376 ./src/MCAL/RCC/RCC_prg.o
                               0x34d7 (size before relaxing)
 .debug_str     0x00074600      0x338 ./src/MCAL/NVIC/NVIC_prg.o
                               0x37a0 (size before relaxing)
 .debug_str     0x00074938      0x359 ./src/MCAL/I2C/I2C_prg.o
                               0x3a3f (size before relaxing)
 .debug_str     0x00074c91      0x2e6 ./src/MCAL/GPIO/GPIO_prg.o
                               0x35b4 (size before relaxing)
 .debug_str     0x00074f77      0x3dc ./src/MCAL/EXTI/EX_INT_prg.o
                               0x3441 (size before relaxing)
 .debug_str     0x00075353      0x799 ./src/MCAL/ADC/ADC_prog.o
                               0x3edd (size before relaxing)
 .debug_str     0x00075aec       0x1e ./src/_initialize_hardware.o
                               0x2d50 (size before relaxing)
 .debug_str     0x00075b0a      0x322 ./src/main.o
                               0x39d7 (size before relaxing)

.debug_loc      0x00000000     0x2aa6
 *(.debug_loc)
 .debug_loc     0x00000000       0x85 ./system/src/newlib/_sbrk.o
 .debug_loc     0x00000085      0x2cb ./system/src/newlib/_startup.o
 .debug_loc     0x00000350       0x63 ./system/src/newlib/_syscalls.o
 .debug_loc     0x000003b3       0xf6 ./system/src/diag/Trace.o
 .debug_loc     0x000004a9      0x121 ./system/src/diag/trace_impl.o
 .debug_loc     0x000005ca      0x291 ./system/src/cortexm/exception_handlers.o
 .debug_loc     0x0000085b      0x13e ./system/src/cmsis/system_stm32f4xx.o
 .debug_loc     0x00000999      0x1a5 ./src/MCAL/USART/USART_prog.o
 .debug_loc     0x00000b3e      0xb5e ./src/MCAL/TIMER/TIMER_prg.o
 .debug_loc     0x0000169c       0x40 ./src/MCAL/SYSTICK/SYSTICK_prg.o
 .debug_loc     0x000016dc      0x1b0 ./src/MCAL/RCC/RCC_prg.o
 .debug_loc     0x0000188c      0x171 ./src/MCAL/NVIC/NVIC_prg.o
 .debug_loc     0x000019fd      0x232 ./src/MCAL/I2C/I2C_prg.o
 .debug_loc     0x00001c2f      0xc52 ./src/MCAL/GPIO/GPIO_prg.o
 .debug_loc     0x00002881      0x16c ./src/MCAL/EXTI/EX_INT_prg.o
 .debug_loc     0x000029ed       0xb9 ./src/MCAL/ADC/ADC_prog.o

.debug_macinfo
 *(.debug_macinfo)

.debug_weaknames
 *(.debug_weaknames)

.debug_funcnames
 *(.debug_funcnames)

.debug_typenames
 *(.debug_typenames)

.debug_varnames
 *(.debug_varnames)
OUTPUT(STM_TEST_25.elf elf32-littlearm)

.debug_ranges   0x00000000      0x588
 .debug_ranges  0x00000000       0x18 ./system/src/newlib/_exit.o
 .debug_ranges  0x00000018       0x10 ./system/src/newlib/_sbrk.o
 .debug_ranges  0x00000028       0x90 ./system/src/newlib/_startup.o
 .debug_ranges  0x000000b8       0x20 ./system/src/newlib/_syscalls.o
 .debug_ranges  0x000000d8       0x28 ./system/src/diag/Trace.o
 .debug_ranges  0x00000100       0x50 ./system/src/diag/trace_impl.o
 .debug_ranges  0x00000150       0x18 ./system/src/cortexm/_initialize_hardware.o
 .debug_ranges  0x00000168       0x80 ./system/src/cortexm/exception_handlers.o
 .debug_ranges  0x000001e8       0x18 ./system/src/cmsis/system_stm32f4xx.o
 .debug_ranges  0x00000200       0x10 ./system/src/cmsis/vectors_stm32f401xc.o
 .debug_ranges  0x00000210       0x88 ./src/MCAL/USART/USART_prog.o
 .debug_ranges  0x00000298       0x80 ./src/MCAL/TIMER/TIMER_prg.o
 .debug_ranges  0x00000318       0x80 ./src/MCAL/SYSTICK/SYSTICK_prg.o
 .debug_ranges  0x00000398       0x20 ./src/MCAL/RCC/RCC_prg.o
 .debug_ranges  0x000003b8       0x40 ./src/MCAL/NVIC/NVIC_prg.o
 .debug_ranges  0x000003f8       0x38 ./src/MCAL/I2C/I2C_prg.o
 .debug_ranges  0x00000430       0x78 ./src/MCAL/GPIO/GPIO_prg.o
 .debug_ranges  0x000004a8       0x78 ./src/MCAL/EXTI/EX_INT_prg.o
 .debug_ranges  0x00000520       0x40 ./src/MCAL/ADC/ADC_prog.o
 .debug_ranges  0x00000560       0x10 ./src/_initialize_hardware.o
 .debug_ranges  0x00000570       0x18 ./src/main.o

.debug_macro    0x00000000     0x3d7b
 .debug_macro   0x00000000      0x1b4 ./system/src/newlib/_exit.o
 .debug_macro   0x000001b4      0x10e ./system/src/newlib/_exit.o
 .debug_macro   0x000002c2       0x8d ./system/src/newlib/_exit.o
 .debug_macro   0x0000034f       0x35 ./system/src/newlib/_exit.o
 .debug_macro   0x00000384      0x169 ./system/src/newlib/_sbrk.o
 .debug_macro   0x000004ed      0x174 ./system/src/newlib/_sbrk.o
 .debug_macro   0x00000661       0x10 ./system/src/newlib/_sbrk.o
 .debug_macro   0x00000671      0x23b ./system/src/newlib/_sbrk.o
 .debug_macro   0x000008ac      0x173 ./system/src/newlib/_startup.o
 .debug_macro   0x00000a1f      0xa72 ./system/src/newlib/_startup.o
 .debug_macro   0x00001491      0x217 ./system/src/newlib/_syscalls.o
 .debug_macro   0x000016a8       0x1c ./system/src/newlib/_syscalls.o
 .debug_macro   0x000016c4       0x10 ./system/src/newlib/_syscalls.o
 .debug_macro   0x000016d4       0x10 ./system/src/newlib/_syscalls.o
 .debug_macro   0x000016e4       0x10 ./system/src/newlib/_syscalls.o
 .debug_macro   0x000016f4       0x35 ./system/src/newlib/_syscalls.o
 .debug_macro   0x00001729      0x122 ./system/src/newlib/_syscalls.o
 .debug_macro   0x0000184b       0x88 ./system/src/newlib/_syscalls.o
 .debug_macro   0x000018d3       0x2b ./system/src/newlib/_syscalls.o
 .debug_macro   0x000018fe      0x118 ./system/src/newlib/_syscalls.o
 .debug_macro   0x00001a16      0x189 ./system/src/newlib/_syscalls.o
 .debug_macro   0x00001b9f       0x16 ./system/src/newlib/_syscalls.o
 .debug_macro   0x00001bb5      0x1fb ./system/src/diag/Trace.o
 .debug_macro   0x00001db0       0x4c ./system/src/diag/Trace.o
 .debug_macro   0x00001dfc       0x16 ./system/src/diag/Trace.o
 .debug_macro   0x00001e12      0x52a ./system/src/diag/trace_impl.o
 .debug_macro   0x0000233c       0x22 ./system/src/diag/trace_impl.o
 .debug_macro   0x0000235e      0x4ee ./system/src/cortexm/_initialize_hardware.o
 .debug_macro   0x0000284c      0x557 ./system/src/cortexm/exception_handlers.o
 .debug_macro   0x00002da3       0x3b ./system/src/cortexm/exception_handlers.o
 .debug_macro   0x00002dde      0x4ea ./system/src/cmsis/system_stm32f4xx.o
 .debug_macro   0x000032c8       0x34 ./system/src/cmsis/vectors_stm32f401xc.o
 .debug_macro   0x000032fc       0x5b ./src/MCAL/USART/USART_prog.o
 .debug_macro   0x00003357       0xe2 ./src/MCAL/USART/USART_prog.o
 .debug_macro   0x00003439       0x28 ./src/MCAL/USART/USART_prog.o
 .debug_macro   0x00003461       0x1c ./src/MCAL/USART/USART_prog.o
 .debug_macro   0x0000347d      0x16b ./src/MCAL/USART/USART_prog.o
 .debug_macro   0x000035e8       0x53 ./src/MCAL/TIMER/TIMER_prg.o
 .debug_macro   0x0000363b       0x8e ./src/MCAL/TIMER/TIMER_prg.o
 .debug_macro   0x000036c9       0x3a ./src/MCAL/TIMER/TIMER_prg.o
 .debug_macro   0x00003703       0x3f ./src/MCAL/SYSTICK/SYSTICK_prg.o
 .debug_macro   0x00003742       0x1c ./src/MCAL/SYSTICK/SYSTICK_prg.o
 .debug_macro   0x0000375e       0x2e ./src/MCAL/SYSTICK/SYSTICK_prg.o
 .debug_macro   0x0000378c       0x3f ./src/MCAL/RCC/RCC_prg.o
 .debug_macro   0x000037cb       0x46 ./src/MCAL/RCC/RCC_prg.o
 .debug_macro   0x00003811       0x28 ./src/MCAL/RCC/RCC_prg.o
 .debug_macro   0x00003839       0x3f ./src/MCAL/NVIC/NVIC_prg.o
 .debug_macro   0x00003878       0x10 ./src/MCAL/NVIC/NVIC_prg.o
 .debug_macro   0x00003888       0x76 ./src/MCAL/NVIC/NVIC_prg.o
 .debug_macro   0x000038fe       0x5c ./src/MCAL/I2C/I2C_prg.o
 .debug_macro   0x0000395a       0x2e ./src/MCAL/I2C/I2C_prg.o
 .debug_macro   0x00003988       0x1c ./src/MCAL/I2C/I2C_prg.o
 .debug_macro   0x000039a4       0x3f ./src/MCAL/GPIO/GPIO_prg.o
 .debug_macro   0x000039e3       0x58 ./src/MCAL/GPIO/GPIO_prg.o
 .debug_macro   0x00003a3b       0x44 ./src/MCAL/EXTI/EX_INT_prg.o
 .debug_macro   0x00003a7f       0x22 ./src/MCAL/EXTI/EX_INT_prg.o
 .debug_macro   0x00003aa1       0x5c ./src/MCAL/ADC/ADC_prog.o
 .debug_macro   0x00003afd       0x1c ./src/MCAL/ADC/ADC_prog.o
 .debug_macro   0x00003b19      0x1cf ./src/MCAL/ADC/ADC_prog.o
 .debug_macro   0x00003ce8       0x11 ./src/_initialize_hardware.o
 .debug_macro   0x00003cf9       0x82 ./src/main.o
